Archive member included because of file (symbol)

startup/libea_startup_thumb.a(consol.o)
                              main.o (simplePrintf)
startup/libea_startup_thumb.a(framework.o)
                              main.o (eaInit)
startup/libea_startup_thumb.a(startup.o)
                              (_startup)
pre_emptive_os/pre_emptive_os.a(kernel.o)
                              main.o (osInit)
pre_emptive_os/pre_emptive_os.a(prioqueue.o)
                              pre_emptive_os/pre_emptive_os.a(kernel.o) (initPrioQueue)
pre_emptive_os/pre_emptive_os.a(timer.o)
                              pre_emptive_os/pre_emptive_os.a(kernel.o) (timerTick)
pre_emptive_os/pre_emptive_os.a(stack_usage.o)
                              pre_emptive_os/pre_emptive_os.a(kernel.o) (createStackPattern)
pre_emptive_os/pre_emptive_os.a(a7hal.o)
                              pre_emptive_os/pre_emptive_os.a(kernel.o) (stkFrameInit_oshal)
pre_emptive_os/pre_emptive_os.a(a7hal_a.o)
                              pre_emptive_os/pre_emptive_os.a(kernel.o) (startHighProc_oshal)
pre_emptive_os/pre_emptive_os.a(count_sem.o)
                              pre_emptive_os/pre_emptive_os.a(timer.o) (osSemInit)
pre_emptive_os/pre_emptive_os.a(event.o)
                              pre_emptive_os/pre_emptive_os.a(count_sem.o) (eventInit)
/cygdrive/c/Embedded/GNUARM/bin/../lib/gcc/arm-elf/4.1.1/interwork/libgcc.a(_udivsi3.o)
                              startup/libea_startup_thumb.a(consol.o) (__udivsi3)
/cygdrive/c/Embedded/GNUARM/bin/../lib/gcc/arm-elf/4.1.1/interwork/libgcc.a(_divsi3.o)
                              snake.o (__divsi3)
/cygdrive/c/Embedded/GNUARM/bin/../lib/gcc/arm-elf/4.1.1/interwork/libgcc.a(_umodsi3.o)
                              startup/libea_startup_thumb.a(consol.o) (__umodsi3)
/cygdrive/c/Embedded/GNUARM/bin/../lib/gcc/arm-elf/4.1.1/interwork/libgcc.a(_modsi3.o)
                              snake.o (__modsi3)
/cygdrive/c/Embedded/GNUARM/bin/../lib/gcc/arm-elf/4.1.1/interwork/libgcc.a(_dvmd_tls.o)
                              /cygdrive/c/Embedded/GNUARM/bin/../lib/gcc/arm-elf/4.1.1/interwork/libgcc.a(_udivsi3.o) (__div0)
/cygdrive/c/Embedded/GNUARM/bin/../lib/gcc/arm-elf/4.1.1/interwork/libgcc.a(_call_via_rX.o)
                              pre_emptive_os/pre_emptive_os.a(timer.o) (_call_via_r4)
/cygdrive/c/Embedded/GNUARM/bin/../lib/gcc/arm-elf/4.1.1/../../../../arm-elf/lib/interwork/libc.a(atoi.o)
                              startup/libea_startup_thumb.a(consol.o) (atoi)
/cygdrive/c/Embedded/GNUARM/bin/../lib/gcc/arm-elf/4.1.1/../../../../arm-elf/lib/interwork/libc.a(memcpy.o)
                              pca9532.o (memcpy)
/cygdrive/c/Embedded/GNUARM/bin/../lib/gcc/arm-elf/4.1.1/../../../../arm-elf/lib/interwork/libc.a(rand.o)
                              snake.o (srand)
/cygdrive/c/Embedded/GNUARM/bin/../lib/gcc/arm-elf/4.1.1/../../../../arm-elf/lib/interwork/libc.a(strlen.o)
                              startup/libea_startup_thumb.a(consol.o) (strlen)
/cygdrive/c/Embedded/GNUARM/bin/../lib/gcc/arm-elf/4.1.1/../../../../arm-elf/lib/interwork/libc.a(strtol.o)
                              /cygdrive/c/Embedded/GNUARM/bin/../lib/gcc/arm-elf/4.1.1/../../../../arm-elf/lib/interwork/libc.a(atoi.o) (_strtol_r)
/cygdrive/c/Embedded/GNUARM/bin/../lib/gcc/arm-elf/4.1.1/../../../../arm-elf/lib/interwork/libc.a(ctype_.o)
                              /cygdrive/c/Embedded/GNUARM/bin/../lib/gcc/arm-elf/4.1.1/../../../../arm-elf/lib/interwork/libc.a(strtol.o) (__ctype_ptr)
/cygdrive/c/Embedded/GNUARM/bin/../lib/gcc/arm-elf/4.1.1/../../../../arm-elf/lib/interwork/libc.a(impure.o)
                              /cygdrive/c/Embedded/GNUARM/bin/../lib/gcc/arm-elf/4.1.1/../../../../arm-elf/lib/interwork/libc.a(rand.o) (_impure_ptr)

Allocating common symbols
Common symbol       size              file

snake               0x320             snake.o
ms                  0x4               main.o
pHeapEnd            0x4               startup/libea_startup_thumb.a(framework.o)
pHeapStart          0x4               startup/libea_startup_thumb.a(framework.o)
processControlBlocks
                    0xf0              pre_emptive_os/pre_emptive_os.a(kernel.o)

Discarded input sections

 .stabstr       0x00000000        0x0 startup/libea_startup_thumb.a(startup.o)
 .stabstr       0x00000000        0x0 pre_emptive_os/pre_emptive_os.a(a7hal_a.o)

Memory Configuration

Name             Origin             Length             Attributes
FLASH            0x00000000         0x00008000         xr
RAM              0x40000000         0x00002000         rw
*default*        0x00000000         0xffffffff

Linker script and memory map

LOAD main.o
LOAD eeprom.o
LOAD i2c.o
LOAD adc.o
LOAD pca9532.o
LOAD lcd.o
LOAD lcd_hw.o
LOAD snake.o
LOAD key.o
LOAD select.o
LOAD startup/libea_startup_thumb.a
LOAD pre_emptive_os/pre_emptive_os.a
START GROUP
LOAD /cygdrive/c/Embedded/GNUARM/bin/../lib/gcc/arm-elf/4.1.1/interwork/libgcc.a
LOAD /cygdrive/c/Embedded/GNUARM/bin/../lib/gcc/arm-elf/4.1.1/../../../../arm-elf/lib/interwork/libc.a
END GROUP

.text           0x00000000     0x3b0c
 *startup.o(.text)
 .text          0x00000000      0x1d8 startup/libea_startup_thumb.a(startup.o)
                0x00000000                _startup
 *(.text)
 .text          0x000001d8      0x2a4 main.o
                0x000001d8                appTick
                0x000001e8                main
 .text          0x0000047c      0x2b4 eeprom.o
                0x00000514                pca9532
                0x00000600                eepromWrite
                0x000006e4                eepromPoll
                0x0000066c                eepromPageRead
                0x0000047c                eepromStartRead
 .text          0x00000730      0x39c i2c.o
                0x00000748                i2cInit
                0x0000098c                i2cRead
                0x000008b8                i2cWriteWithWait
                0x00000794                i2cStart
                0x000007e0                i2cStop
                0x00000730                i2cCheckStatus
                0x00000834                i2cGetChar
                0x00000940                i2cRepeatStart
                0x00000a2c                i2cWrite
                0x0000088c                i2cWaitTransmit
                0x000008e8                i2cMyWrite
                0x00000808                i2cPutChar
 .text          0x00000acc       0xc0 adc.o
                0x00000acc                getAnalogueInput
                0x00000b04                initAdc
 .text          0x00000b8c       0xec pca9532.o
                0x00000bb4                setPca9532Pin
                0x00000b8c                getPca9532Pin
                0x00000c40                pca9532Init
 .text          0x00000c78      0x570 lcd.o
                0x00000c78                lcdColor
                0x00000e44                lcdWindow
                0x00001084                lcdClrscr
                0x00000f4c                lcdRectBrd
                0x00000dc8                lcdPutchar
                0x00001060                lcdContrast
                0x000010d8                lcdOff
                0x000010f4                lcdInit
                0x00000e9c                lcdIcon
                0x00000d00                lcdData
                0x00000c8c                lcdWrdata
                0x00000ffc                lcdRect
                0x00000c9c                lcdWrcmd
                0x00000e2c                lcdPuts
                0x00000e74                lcdGotoxy
 .text          0x000011e8       0xd8 lcd_hw.o
                0x000011e8                sendToLCD
                0x00001284                initSpiForLcd
                0x00001264                selectLCD
 .text          0x000012c0      0x528 snake.o
                0x000015a0                playSnake
 .text          0x000017e8      0x240 key.o
                0x00001848                checkKey2
                0x00001854                sampleKey
                0x000019c8                initKeyProc
                0x00001838                checkKey
                0x000017e8                getKeys
 .text          0x00001a28      0x160 select.o
                0x00001a98                drawMenu
 .text          0x00001b88      0x67c startup/libea_startup_thumb.a(consol.o)
                0x00002040                consolGetIntNum
                0x00001c7c                consolSendCh
                0x00001e48                consolGetString
                0x00001cec                consolSendNumber
                0x00001e04                consolGetCh
                0x00001c5c                consolSendChar
                0x00001ec0                simplePrintf
                0x00001cc0                consolSendString
                0x00002120                consolScanf
                0x00001e24                consolGetChar
                0x00001c0c                consolInit
 .text          0x00002204      0x2bc startup/libea_startup_thumb.a(framework.o)
                0x0000232c                eaInit
                0x0000227c                lowLevelInit
                0x00002204                exceptionHandlerInit
 .text          0x000024c0      0x4f8 pre_emptive_os/pre_emptive_os.a(kernel.o)
                0x0000283c                osTick
                0x00002900                rmvFromRdyList
                0x0000265c                osGetHighPrioProc
                0x0000291c                osSuspend
                0x00002570                osInit
                0x00002950                osDeleteProcess
                0x0000259c                osISREnter
                0x00002678                schedule
                0x000025c0                osCreateProcess
                0x000027bc                addToRdyList
                0x0000250c                addToTimeList
                0x000027d0                osResume
                0x000024c0                osPid
                0x00002980                osSleep
                0x000026e4                osISRExit
                0x0000274c                osStart
                0x00002778                rmvFromTimeList
                0x00002898                osStartProcess
 .text          0x000029b8      0x124 pre_emptive_os/pre_emptive_os.a(prioqueue.o)
                0x000029b8                initPrioQueue
                0x00002a20                rmvFromPrioQueue
                0x000029d8                addToPrioQueue
                0x00002abc                isEmptyPrioQueue
                0x00002a84                getHighPrioQueue
 .text          0x00002adc      0x218 pre_emptive_os/pre_emptive_os.a(timer.o)
                0x00002adc                timerTick
                0x00002c50                osInitTimers
                0x00002bec                osDeleteTimer
                0x00002bc0                osCreateTimer
 .text          0x00002cf4       0xa4 pre_emptive_os/pre_emptive_os.a(stack_usage.o)
                0x00002cf4                osStackUsage
                0x00002d38                createStackPattern
                0x00002d58                checkStackLimit
 .text          0x00002d98      0x1ec pre_emptive_os/pre_emptive_os.a(a7hal.o)
                0x00002dd0                stkFrameInit_oshal
                0x00002d98                timerIsr_oshal
                0x00002eb0                halRestoreInterrupts_oshal
                0x00002eb8                initTimer_oshal
                0x00002ea0                halEnableInterrupts_oshal
                0x00002f50                handleIRQs_oshal
                0x00002e80                halDisableInterrupts_oshal
 .text          0x00002f84       0xc4 pre_emptive_os/pre_emptive_os.a(a7hal_a.o)
                0x00002f90                startHighProc_oshal
                0x00002fb8                ctxSwitchIsr_oshal
                0x00002f98                ctxSwitch_oshal
                0x00002fd8                generalIRQ_oshal
 .text          0x00003048      0x144 pre_emptive_os/pre_emptive_os.a(count_sem.o)
                0x000030e8                osSemGive
                0x0000314c                osSemTryTake
                0x00003048                osSemInit
                0x0000305c                osSemTake
 .text          0x0000318c       0xd8 pre_emptive_os/pre_emptive_os.a(event.o)
                0x0000319c                eventWait
                0x0000318c                eventInit
                0x00003204                eventIsEmpty
                0x000031d4                eventWaitReturn
                0x00003214                eventSignal
 .text          0x00003264      0x114 /cygdrive/c/Embedded/GNUARM/bin/../lib/gcc/arm-elf/4.1.1/interwork/libgcc.a(_udivsi3.o)
                0x00003264                __udivsi3
                0x00003264                __aeabi_uidiv
                0x00003360                __aeabi_uidivmod
 .text          0x00003378      0x144 /cygdrive/c/Embedded/GNUARM/bin/../lib/gcc/arm-elf/4.1.1/interwork/libgcc.a(_divsi3.o)
                0x00003378                __aeabi_idiv
                0x00003378                __divsi3
                0x000034a4                __aeabi_idivmod
 .text          0x000034bc       0xd0 /cygdrive/c/Embedded/GNUARM/bin/../lib/gcc/arm-elf/4.1.1/interwork/libgcc.a(_umodsi3.o)
                0x000034bc                __umodsi3
 .text          0x0000358c       0xe8 /cygdrive/c/Embedded/GNUARM/bin/../lib/gcc/arm-elf/4.1.1/interwork/libgcc.a(_modsi3.o)
                0x0000358c                __modsi3
 .text          0x00003674        0x4 /cygdrive/c/Embedded/GNUARM/bin/../lib/gcc/arm-elf/4.1.1/interwork/libgcc.a(_dvmd_tls.o)
                0x00003674                __aeabi_ldiv0
                0x00003674                __div0
                0x00003674                __aeabi_idiv0
 .text          0x00003678       0x3c /cygdrive/c/Embedded/GNUARM/bin/../lib/gcc/arm-elf/4.1.1/interwork/libgcc.a(_call_via_rX.o)
                0x00003680                _call_via_r2
                0x00003690                _call_via_r6
                0x0000368c                _call_via_r5
                0x00003684                _call_via_r3
                0x000036a4                _call_via_fp
                0x00003698                _call_via_r8
                0x00003694                _call_via_r7
                0x00003678                _call_via_r0
                0x000036a0                _call_via_sl
                0x000036ac                _call_via_sp
                0x0000369c                _call_via_r9
                0x00003688                _call_via_r4
                0x0000367c                _call_via_r1
                0x000036a8                _call_via_ip
                0x000036b0                _call_via_lr
 .text          0x000036b4       0x30 /cygdrive/c/Embedded/GNUARM/bin/../lib/gcc/arm-elf/4.1.1/../../../../arm-elf/lib/interwork/libc.a(atoi.o)
                0x000036b4                _atoi_r
                0x000036cc                atoi
 .text          0x000036e4       0x9c /cygdrive/c/Embedded/GNUARM/bin/../lib/gcc/arm-elf/4.1.1/../../../../arm-elf/lib/interwork/libc.a(memcpy.o)
                0x000036e4                memcpy
 .text          0x00003780       0x7c /cygdrive/c/Embedded/GNUARM/bin/../lib/gcc/arm-elf/4.1.1/../../../../arm-elf/lib/interwork/libc.a(rand.o)
                0x0000379c                rand
                0x00003780                srand
 .text          0x000037fc       0x90 /cygdrive/c/Embedded/GNUARM/bin/../lib/gcc/arm-elf/4.1.1/../../../../arm-elf/lib/interwork/libc.a(strlen.o)
                0x000037fc                strlen
 .text          0x0000388c      0x1f0 /cygdrive/c/Embedded/GNUARM/bin/../lib/gcc/arm-elf/4.1.1/../../../../arm-elf/lib/interwork/libc.a(strtol.o)
                0x00003a50                strtol
                0x0000388c                _strtol_r
 .text          0x00003a7c        0x0 /cygdrive/c/Embedded/GNUARM/bin/../lib/gcc/arm-elf/4.1.1/../../../../arm-elf/lib/interwork/libc.a(ctype_.o)
 .text          0x00003a7c        0x0 /cygdrive/c/Embedded/GNUARM/bin/../lib/gcc/arm-elf/4.1.1/../../../../arm-elf/lib/interwork/libc.a(impure.o)
 *(.glue_7)
 .glue_7        0x00003a7c        0x0 main.o
 .glue_7        0x00003a7c        0x0 eeprom.o
 .glue_7        0x00003a7c        0x0 i2c.o
 .glue_7        0x00003a7c        0x0 adc.o
 .glue_7        0x00003a7c        0x0 pca9532.o
 .glue_7        0x00003a7c        0x0 lcd.o
 .glue_7        0x00003a7c        0x0 lcd_hw.o
 .glue_7        0x00003a7c        0x0 snake.o
 .glue_7        0x00003a7c        0x0 key.o
 .glue_7        0x00003a7c        0x0 select.o
 .glue_7        0x00003a7c        0x0 startup/libea_startup_thumb.a(consol.o)
 .glue_7        0x00003a7c        0x0 startup/libea_startup_thumb.a(framework.o)
 .glue_7        0x00003a7c        0x0 startup/libea_startup_thumb.a(startup.o)
 .glue_7        0x00003a7c        0x0 pre_emptive_os/pre_emptive_os.a(kernel.o)
 .glue_7        0x00003a7c        0x0 pre_emptive_os/pre_emptive_os.a(prioqueue.o)
 .glue_7        0x00003a7c        0x0 pre_emptive_os/pre_emptive_os.a(timer.o)
 .glue_7        0x00003a7c        0x0 pre_emptive_os/pre_emptive_os.a(stack_usage.o)
 .glue_7        0x00003a7c        0x0 pre_emptive_os/pre_emptive_os.a(a7hal.o)
 .glue_7        0x00003a7c        0x0 pre_emptive_os/pre_emptive_os.a(a7hal_a.o)
 .glue_7        0x00003a7c        0x0 pre_emptive_os/pre_emptive_os.a(count_sem.o)
 .glue_7        0x00003a7c        0x0 pre_emptive_os/pre_emptive_os.a(event.o)
 .glue_7        0x00003a7c        0x0 /cygdrive/c/Embedded/GNUARM/bin/../lib/gcc/arm-elf/4.1.1/interwork/libgcc.a(_udivsi3.o)
 .glue_7        0x00003a7c        0x0 /cygdrive/c/Embedded/GNUARM/bin/../lib/gcc/arm-elf/4.1.1/interwork/libgcc.a(_divsi3.o)
 .glue_7        0x00003a7c        0x0 /cygdrive/c/Embedded/GNUARM/bin/../lib/gcc/arm-elf/4.1.1/interwork/libgcc.a(_umodsi3.o)
 .glue_7        0x00003a7c        0x0 /cygdrive/c/Embedded/GNUARM/bin/../lib/gcc/arm-elf/4.1.1/interwork/libgcc.a(_modsi3.o)
 .glue_7        0x00003a7c        0x0 /cygdrive/c/Embedded/GNUARM/bin/../lib/gcc/arm-elf/4.1.1/interwork/libgcc.a(_dvmd_tls.o)
 .glue_7        0x00003a7c        0x0 /cygdrive/c/Embedded/GNUARM/bin/../lib/gcc/arm-elf/4.1.1/interwork/libgcc.a(_call_via_rX.o)
 .glue_7        0x00003a7c        0x0 /cygdrive/c/Embedded/GNUARM/bin/../lib/gcc/arm-elf/4.1.1/../../../../arm-elf/lib/interwork/libc.a(atoi.o)
 .glue_7        0x00003a7c        0x0 /cygdrive/c/Embedded/GNUARM/bin/../lib/gcc/arm-elf/4.1.1/../../../../arm-elf/lib/interwork/libc.a(memcpy.o)
 .glue_7        0x00003a7c        0x0 /cygdrive/c/Embedded/GNUARM/bin/../lib/gcc/arm-elf/4.1.1/../../../../arm-elf/lib/interwork/libc.a(rand.o)
 .glue_7        0x00003a7c        0x0 /cygdrive/c/Embedded/GNUARM/bin/../lib/gcc/arm-elf/4.1.1/../../../../arm-elf/lib/interwork/libc.a(strlen.o)
 .glue_7        0x00003a7c        0x0 /cygdrive/c/Embedded/GNUARM/bin/../lib/gcc/arm-elf/4.1.1/../../../../arm-elf/lib/interwork/libc.a(strtol.o)
 .glue_7        0x00003a7c        0x0 /cygdrive/c/Embedded/GNUARM/bin/../lib/gcc/arm-elf/4.1.1/../../../../arm-elf/lib/interwork/libc.a(ctype_.o)
 .glue_7        0x00003a7c       0x18 /cygdrive/c/Embedded/GNUARM/bin/../lib/gcc/arm-elf/4.1.1/../../../../arm-elf/lib/interwork/libc.a(impure.o)
                0x00003a88                __osISRExit_from_arm
                0x00003a7c                __osTick_from_arm
 *(.glue_7t)
 .glue_7t       0x00003a94        0x0 main.o
 .glue_7t       0x00003a94        0x0 eeprom.o
 .glue_7t       0x00003a94        0x0 i2c.o
 .glue_7t       0x00003a94        0x0 adc.o
 .glue_7t       0x00003a94        0x0 pca9532.o
 .glue_7t       0x00003a94        0x0 lcd.o
 .glue_7t       0x00003a94        0x0 lcd_hw.o
 .glue_7t       0x00003a94        0x0 snake.o
 .glue_7t       0x00003a94        0x0 key.o
 .glue_7t       0x00003a94        0x0 select.o
 .glue_7t       0x00003a94        0x0 startup/libea_startup_thumb.a(consol.o)
 .glue_7t       0x00003a94        0x0 startup/libea_startup_thumb.a(framework.o)
 .glue_7t       0x00003a94        0x0 startup/libea_startup_thumb.a(startup.o)
 .glue_7t       0x00003a94        0x0 pre_emptive_os/pre_emptive_os.a(kernel.o)
 .glue_7t       0x00003a94        0x0 pre_emptive_os/pre_emptive_os.a(prioqueue.o)
 .glue_7t       0x00003a94        0x0 pre_emptive_os/pre_emptive_os.a(timer.o)
 .glue_7t       0x00003a94        0x0 pre_emptive_os/pre_emptive_os.a(stack_usage.o)
 .glue_7t       0x00003a94        0x0 pre_emptive_os/pre_emptive_os.a(a7hal.o)
 .glue_7t       0x00003a94        0x0 pre_emptive_os/pre_emptive_os.a(a7hal_a.o)
 .glue_7t       0x00003a94        0x0 pre_emptive_os/pre_emptive_os.a(count_sem.o)
 .glue_7t       0x00003a94        0x0 pre_emptive_os/pre_emptive_os.a(event.o)
 .glue_7t       0x00003a94        0x0 /cygdrive/c/Embedded/GNUARM/bin/../lib/gcc/arm-elf/4.1.1/interwork/libgcc.a(_udivsi3.o)
 .glue_7t       0x00003a94        0x0 /cygdrive/c/Embedded/GNUARM/bin/../lib/gcc/arm-elf/4.1.1/interwork/libgcc.a(_divsi3.o)
 .glue_7t       0x00003a94        0x0 /cygdrive/c/Embedded/GNUARM/bin/../lib/gcc/arm-elf/4.1.1/interwork/libgcc.a(_umodsi3.o)
 .glue_7t       0x00003a94        0x0 /cygdrive/c/Embedded/GNUARM/bin/../lib/gcc/arm-elf/4.1.1/interwork/libgcc.a(_modsi3.o)
 .glue_7t       0x00003a94        0x0 /cygdrive/c/Embedded/GNUARM/bin/../lib/gcc/arm-elf/4.1.1/interwork/libgcc.a(_dvmd_tls.o)
 .glue_7t       0x00003a94        0x0 /cygdrive/c/Embedded/GNUARM/bin/../lib/gcc/arm-elf/4.1.1/interwork/libgcc.a(_call_via_rX.o)
 .glue_7t       0x00003a94        0x0 /cygdrive/c/Embedded/GNUARM/bin/../lib/gcc/arm-elf/4.1.1/../../../../arm-elf/lib/interwork/libc.a(atoi.o)
 .glue_7t       0x00003a94        0x0 /cygdrive/c/Embedded/GNUARM/bin/../lib/gcc/arm-elf/4.1.1/../../../../arm-elf/lib/interwork/libc.a(memcpy.o)
 .glue_7t       0x00003a94        0x0 /cygdrive/c/Embedded/GNUARM/bin/../lib/gcc/arm-elf/4.1.1/../../../../arm-elf/lib/interwork/libc.a(rand.o)
 .glue_7t       0x00003a94        0x0 /cygdrive/c/Embedded/GNUARM/bin/../lib/gcc/arm-elf/4.1.1/../../../../arm-elf/lib/interwork/libc.a(strlen.o)
 .glue_7t       0x00003a94        0x0 /cygdrive/c/Embedded/GNUARM/bin/../lib/gcc/arm-elf/4.1.1/../../../../arm-elf/lib/interwork/libc.a(strtol.o)
 .glue_7t       0x00003a94        0x0 /cygdrive/c/Embedded/GNUARM/bin/../lib/gcc/arm-elf/4.1.1/../../../../arm-elf/lib/interwork/libc.a(ctype_.o)
 .glue_7t       0x00003a94       0x78 /cygdrive/c/Embedded/GNUARM/bin/../lib/gcc/arm-elf/4.1.1/../../../../arm-elf/lib/interwork/libc.a(impure.o)
                0x00003ab8                ____modsi3_change_to_arm
                0x00003ad4                __halRestoreInterrupts_oshal_from_thumb
                0x00003aa4                __memcpy_from_thumb
                0x00003ae4                __ctxSwitch_oshal_from_thumb
                0x00003ae0                __stkFrameInit_oshal_change_to_arm
                0x00003ac4                __srand_from_thumb
                0x00003af8                __initTimer_oshal_change_to_arm
                0x00003afc                __startHighProc_oshal_from_thumb
                0x00003ab4                ____modsi3_from_thumb
                0x00003b08                ____udivsi3_change_to_arm
                0x00003b00                __startHighProc_oshal_change_to_arm
                0x00003aec                __ctxSwitchIsr_oshal_from_thumb
                0x00003ad8                __halRestoreInterrupts_oshal_change_to_arm
                0x00003aa0                __simplePrintf_change_to_arm
                0x00003ac8                __srand_change_to_arm
                0x00003aac                ____divsi3_from_thumb
                0x00003ae8                __ctxSwitch_oshal_change_to_arm
                0x00003adc                __stkFrameInit_oshal_from_thumb
                0x00003b04                ____udivsi3_from_thumb
                0x00003a94                __eaInit_from_thumb
                0x00003a9c                __simplePrintf_from_thumb
                0x00003af4                __initTimer_oshal_from_thumb
                0x00003a98                __eaInit_change_to_arm
                0x00003af0                __ctxSwitchIsr_oshal_change_to_arm
                0x00003abc                __rand_from_thumb
                0x00003ad0                __halDisableInterrupts_oshal_change_to_arm
                0x00003acc                __halDisableInterrupts_oshal_from_thumb
                0x00003aa8                __memcpy_change_to_arm
                0x00003ab0                ____divsi3_change_to_arm
                0x00003ac0                __rand_change_to_arm
                0x00003b0c                . = ALIGN (0x4)

.rodata         0x00003b0c     0x34b4
 *(.rodata)
 .rodata        0x00003b0c     0x2b4c main.o
                0x00004c28                _fire_2_100x40c
                0x00004346                _fire_1_100x40c
                0x0000553c                _fire_3_100x40c
                0x00003b20                _fire_0_100x40c
                0x00005de4                _fire_4_100x40c
 .rodata        0x00006658        0xb pca9532.o
 .rodata        0x00006663      0x55c lcd.o
                0x00006663                charMap
 *fill*         0x00006bbf        0x1 00
 .rodata        0x00006bc0       0x10 startup/libea_startup_thumb.a(consol.o)
 .rodata        0x00006bd0      0x101 /cygdrive/c/Embedded/GNUARM/bin/../lib/gcc/arm-elf/4.1.1/../../../../arm-elf/lib/interwork/libc.a(ctype_.o)
                0x00006bd0                _ctype_
 *fill*         0x00006cd1        0x3 00
 .rodata        0x00006cd4        0x4 /cygdrive/c/Embedded/GNUARM/bin/../lib/gcc/arm-elf/4.1.1/../../../../arm-elf/lib/interwork/libc.a(impure.o)
                0x00006cd4                _global_impure_ptr
 *(.rodata*)
 .rodata.str1.4
                0x00006cd8      0x1c1 main.o
                                0x1c4 (size before relaxing)
 *fill*         0x00006e99        0x3 00
 .rodata.str1.4
                0x00006e9c       0x2d snake.o
                                 0x30 (size before relaxing)
 *fill*         0x00006ec9        0x3 00
 .rodata.str1.4
                0x00006ecc       0x18 startup/libea_startup_thumb.a(consol.o)
 .rodata.str1.4
                0x00006ee4       0xd8 startup/libea_startup_thumb.a(framework.o)
 .rodata.str1.4
                0x00006fbc        0x4 /cygdrive/c/Embedded/GNUARM/bin/../lib/gcc/arm-elf/4.1.1/../../../../arm-elf/lib/interwork/libc.a(impure.o)
                0x00006fc0                . = ALIGN (0x4)
                0x00006fc0                _etext = .
                0x00006fc0                PROVIDE (etext, .)

.data           0x40000080      0x410 load address 0x00006fc0
                0x40000080                _data = .
 *(.data)
 .data          0x40000080        0x1 main.o
 .data          0x40000081        0x0 eeprom.o
 .data          0x40000081        0x0 i2c.o
 .data          0x40000081        0x0 adc.o
 .data          0x40000081        0x0 pca9532.o
 .data          0x40000081        0x0 lcd.o
 .data          0x40000081        0x0 lcd_hw.o
 .data          0x40000081        0x1 snake.o
 .data          0x40000082        0x5 key.o
 .data          0x40000087        0x0 select.o
 .data          0x40000087        0x0 startup/libea_startup_thumb.a(consol.o)
 .data          0x40000087        0x0 startup/libea_startup_thumb.a(framework.o)
 .data          0x40000087        0x0 startup/libea_startup_thumb.a(startup.o)
 .data          0x40000087        0x0 pre_emptive_os/pre_emptive_os.a(kernel.o)
 .data          0x40000087        0x0 pre_emptive_os/pre_emptive_os.a(prioqueue.o)
 .data          0x40000087        0x0 pre_emptive_os/pre_emptive_os.a(timer.o)
 .data          0x40000087        0x0 pre_emptive_os/pre_emptive_os.a(stack_usage.o)
 .data          0x40000087        0x0 pre_emptive_os/pre_emptive_os.a(a7hal.o)
 .data          0x40000087        0x0 pre_emptive_os/pre_emptive_os.a(a7hal_a.o)
 .data          0x40000087        0x0 pre_emptive_os/pre_emptive_os.a(count_sem.o)
 .data          0x40000087        0x0 pre_emptive_os/pre_emptive_os.a(event.o)
 .data          0x40000087        0x0 /cygdrive/c/Embedded/GNUARM/bin/../lib/gcc/arm-elf/4.1.1/interwork/libgcc.a(_udivsi3.o)
 .data          0x40000087        0x0 /cygdrive/c/Embedded/GNUARM/bin/../lib/gcc/arm-elf/4.1.1/interwork/libgcc.a(_divsi3.o)
 .data          0x40000087        0x0 /cygdrive/c/Embedded/GNUARM/bin/../lib/gcc/arm-elf/4.1.1/interwork/libgcc.a(_umodsi3.o)
 .data          0x40000087        0x0 /cygdrive/c/Embedded/GNUARM/bin/../lib/gcc/arm-elf/4.1.1/interwork/libgcc.a(_modsi3.o)
 .data          0x40000087        0x0 /cygdrive/c/Embedded/GNUARM/bin/../lib/gcc/arm-elf/4.1.1/interwork/libgcc.a(_dvmd_tls.o)
 .data          0x40000087        0x0 /cygdrive/c/Embedded/GNUARM/bin/../lib/gcc/arm-elf/4.1.1/interwork/libgcc.a(_call_via_rX.o)
 .data          0x40000087        0x0 /cygdrive/c/Embedded/GNUARM/bin/../lib/gcc/arm-elf/4.1.1/../../../../arm-elf/lib/interwork/libc.a(atoi.o)
 .data          0x40000087        0x0 /cygdrive/c/Embedded/GNUARM/bin/../lib/gcc/arm-elf/4.1.1/../../../../arm-elf/lib/interwork/libc.a(memcpy.o)
 .data          0x40000087        0x0 /cygdrive/c/Embedded/GNUARM/bin/../lib/gcc/arm-elf/4.1.1/../../../../arm-elf/lib/interwork/libc.a(rand.o)
 .data          0x40000087        0x0 /cygdrive/c/Embedded/GNUARM/bin/../lib/gcc/arm-elf/4.1.1/../../../../arm-elf/lib/interwork/libc.a(strlen.o)
 .data          0x40000087        0x0 /cygdrive/c/Embedded/GNUARM/bin/../lib/gcc/arm-elf/4.1.1/../../../../arm-elf/lib/interwork/libc.a(strtol.o)
 *fill*         0x40000087        0x1 00
 .data          0x40000088        0x4 /cygdrive/c/Embedded/GNUARM/bin/../lib/gcc/arm-elf/4.1.1/../../../../arm-elf/lib/interwork/libc.a(ctype_.o)
                0x40000088                __ctype_ptr
 .data          0x4000008c      0x404 /cygdrive/c/Embedded/GNUARM/bin/../lib/gcc/arm-elf/4.1.1/../../../../arm-elf/lib/interwork/libc.a(impure.o)
                0x4000008c                _impure_ptr
                0x40000490                . = ALIGN (0x4)
                0x40000490                _edata = .
                0x40000490                PROVIDE (edata, .)

.bss            0x40000490     0x1008
                0x40000490                _bss = .
                0x40000490                __bss_start = .
                0x40000490                __bss_start__ = .
 *(.bss)
 .bss           0x40000490      0x480 main.o
 .bss           0x40000910        0x0 eeprom.o
 .bss           0x40000910        0x0 i2c.o
 .bss           0x40000910        0x0 adc.o
 .bss           0x40000910        0x0 pca9532.o
 .bss           0x40000910        0x5 lcd.o
 .bss           0x40000915        0x0 lcd_hw.o
 *fill*         0x40000915        0x3 00
 .bss           0x40000918      0x288 snake.o
 .bss           0x40000ba0      0x134 key.o
 .bss           0x40000cd4       0x34 select.o
 .bss           0x40000d08        0x0 startup/libea_startup_thumb.a(consol.o)
 .bss           0x40000d08        0x0 startup/libea_startup_thumb.a(framework.o)
 .bss           0x40000d08        0x0 startup/libea_startup_thumb.a(startup.o)
 .bss           0x40000d08       0x2c pre_emptive_os/pre_emptive_os.a(kernel.o)
                0x40000d08                osLockNesting
                0x40000d0c                pNxtToRun
                0x40000d10                pRunProc
                0x40000d09                isrNesting
 .bss           0x40000d34        0x0 pre_emptive_os/pre_emptive_os.a(prioqueue.o)
 .bss           0x40000d34      0x348 pre_emptive_os/pre_emptive_os.a(timer.o)
 .bss           0x4000107c        0x0 pre_emptive_os/pre_emptive_os.a(stack_usage.o)
 .bss           0x4000107c        0x0 pre_emptive_os/pre_emptive_os.a(a7hal.o)
 .bss           0x4000107c        0x0 pre_emptive_os/pre_emptive_os.a(a7hal_a.o)
 .bss           0x4000107c        0x0 pre_emptive_os/pre_emptive_os.a(count_sem.o)
 .bss           0x4000107c        0x0 pre_emptive_os/pre_emptive_os.a(event.o)
 .bss           0x4000107c        0x0 /cygdrive/c/Embedded/GNUARM/bin/../lib/gcc/arm-elf/4.1.1/interwork/libgcc.a(_udivsi3.o)
 .bss           0x4000107c        0x0 /cygdrive/c/Embedded/GNUARM/bin/../lib/gcc/arm-elf/4.1.1/interwork/libgcc.a(_divsi3.o)
 .bss           0x4000107c        0x0 /cygdrive/c/Embedded/GNUARM/bin/../lib/gcc/arm-elf/4.1.1/interwork/libgcc.a(_umodsi3.o)
 .bss           0x4000107c        0x0 /cygdrive/c/Embedded/GNUARM/bin/../lib/gcc/arm-elf/4.1.1/interwork/libgcc.a(_modsi3.o)
 .bss           0x4000107c        0x0 /cygdrive/c/Embedded/GNUARM/bin/../lib/gcc/arm-elf/4.1.1/interwork/libgcc.a(_dvmd_tls.o)
 .bss           0x4000107c        0x0 /cygdrive/c/Embedded/GNUARM/bin/../lib/gcc/arm-elf/4.1.1/interwork/libgcc.a(_call_via_rX.o)
 .bss           0x4000107c        0x0 /cygdrive/c/Embedded/GNUARM/bin/../lib/gcc/arm-elf/4.1.1/../../../../arm-elf/lib/interwork/libc.a(atoi.o)
 .bss           0x4000107c        0x0 /cygdrive/c/Embedded/GNUARM/bin/../lib/gcc/arm-elf/4.1.1/../../../../arm-elf/lib/interwork/libc.a(memcpy.o)
 .bss           0x4000107c        0x0 /cygdrive/c/Embedded/GNUARM/bin/../lib/gcc/arm-elf/4.1.1/../../../../arm-elf/lib/interwork/libc.a(rand.o)
 .bss           0x4000107c        0x0 /cygdrive/c/Embedded/GNUARM/bin/../lib/gcc/arm-elf/4.1.1/../../../../arm-elf/lib/interwork/libc.a(strlen.o)
 .bss           0x4000107c        0x0 /cygdrive/c/Embedded/GNUARM/bin/../lib/gcc/arm-elf/4.1.1/../../../../arm-elf/lib/interwork/libc.a(strtol.o)
 .bss           0x4000107c        0x0 /cygdrive/c/Embedded/GNUARM/bin/../lib/gcc/arm-elf/4.1.1/../../../../arm-elf/lib/interwork/libc.a(ctype_.o)
 .bss           0x4000107c        0x0 /cygdrive/c/Embedded/GNUARM/bin/../lib/gcc/arm-elf/4.1.1/../../../../arm-elf/lib/interwork/libc.a(impure.o)
 *(COMMON)
 COMMON         0x4000107c        0x4 main.o
                0x4000107c                ms
 COMMON         0x40001080      0x320 snake.o
                0x40001080                snake
 COMMON         0x400013a0        0x8 startup/libea_startup_thumb.a(framework.o)
                0x400013a0                pHeapEnd
                0x400013a4                pHeapStart
 COMMON         0x400013a8       0xf0 pre_emptive_os/pre_emptive_os.a(kernel.o)
                0x400013a8                processControlBlocks
                0x40001498                . = ALIGN (0x4)
                0x40001498                . = ALIGN (0x4)
                0x40001498                __bss_end = .
                0x40001498                __bss_end__ = .
                0x40001498                _end = .
                0x40001498                PROVIDE (end, .)

.stab           0x00000000      0x600
 *(.stab)
 .stab          0x00000000      0x3c0 startup/libea_startup_thumb.a(startup.o)
 .stab          0x000003c0      0x240 pre_emptive_os/pre_emptive_os.a(a7hal_a.o)
                                0x24c (size before relaxing)

.stabstr        0x00000000       0x99
 *(.stabstr)
 .stabstr       0x00000000       0x99 startup/libea_startup_thumb.a(startup.o)

.stab.excl
 *(.stab.excl)

.stab.exclstr
 *(.stab.exclstr)

.stab.index
 *(.stab.index)

.stab.indexstr
 *(.stab.indexstr)

.comment        0x00000000      0x1d4
 *(.comment)
 .comment       0x00000000       0x12 main.o
 .comment       0x00000012       0x12 eeprom.o
 .comment       0x00000024       0x12 i2c.o
 .comment       0x00000036       0x12 adc.o
 .comment       0x00000048       0x12 pca9532.o
 .comment       0x0000005a       0x12 lcd.o
 .comment       0x0000006c       0x12 lcd_hw.o
 .comment       0x0000007e       0x12 snake.o
 .comment       0x00000090       0x12 key.o
 .comment       0x000000a2       0x12 select.o
 .comment       0x000000b4       0x12 startup/libea_startup_thumb.a(consol.o)
 .comment       0x000000c6       0x12 startup/libea_startup_thumb.a(framework.o)
 .comment       0x000000d8       0x12 pre_emptive_os/pre_emptive_os.a(kernel.o)
 .comment       0x000000ea       0x12 pre_emptive_os/pre_emptive_os.a(prioqueue.o)
 .comment       0x000000fc       0x12 pre_emptive_os/pre_emptive_os.a(timer.o)
 .comment       0x0000010e       0x12 pre_emptive_os/pre_emptive_os.a(stack_usage.o)
 .comment       0x00000120       0x12 pre_emptive_os/pre_emptive_os.a(a7hal.o)
 .comment       0x00000132       0x12 pre_emptive_os/pre_emptive_os.a(count_sem.o)
 .comment       0x00000144       0x12 pre_emptive_os/pre_emptive_os.a(event.o)
 .comment       0x00000156       0x12 /cygdrive/c/Embedded/GNUARM/bin/../lib/gcc/arm-elf/4.1.1/../../../../arm-elf/lib/interwork/libc.a(atoi.o)
 .comment       0x00000168       0x12 /cygdrive/c/Embedded/GNUARM/bin/../lib/gcc/arm-elf/4.1.1/../../../../arm-elf/lib/interwork/libc.a(memcpy.o)
 .comment       0x0000017a       0x12 /cygdrive/c/Embedded/GNUARM/bin/../lib/gcc/arm-elf/4.1.1/../../../../arm-elf/lib/interwork/libc.a(rand.o)
 .comment       0x0000018c       0x12 /cygdrive/c/Embedded/GNUARM/bin/../lib/gcc/arm-elf/4.1.1/../../../../arm-elf/lib/interwork/libc.a(strlen.o)
 .comment       0x0000019e       0x12 /cygdrive/c/Embedded/GNUARM/bin/../lib/gcc/arm-elf/4.1.1/../../../../arm-elf/lib/interwork/libc.a(strtol.o)
 .comment       0x000001b0       0x12 /cygdrive/c/Embedded/GNUARM/bin/../lib/gcc/arm-elf/4.1.1/../../../../arm-elf/lib/interwork/libc.a(ctype_.o)
 .comment       0x000001c2       0x12 /cygdrive/c/Embedded/GNUARM/bin/../lib/gcc/arm-elf/4.1.1/../../../../arm-elf/lib/interwork/libc.a(impure.o)

.debug
 *(.debug)

.line
 *(.line)

.debug_srcinfo
 *(.debug_srcinfo)

.debug_sfnames
 *(.debug_sfnames)

.debug_aranges  0x00000000      0x3c0
 *(.debug_aranges)
 .debug_aranges
                0x00000000       0x20 main.o
 .debug_aranges
                0x00000020       0x20 eeprom.o
 .debug_aranges
                0x00000040       0x20 i2c.o
 .debug_aranges
                0x00000060       0x20 adc.o
 .debug_aranges
                0x00000080       0x20 pca9532.o
 .debug_aranges
                0x000000a0       0x20 lcd.o
 .debug_aranges
                0x000000c0       0x20 lcd_hw.o
 .debug_aranges
                0x000000e0       0x20 snake.o
 .debug_aranges
                0x00000100       0x20 key.o
 .debug_aranges
                0x00000120       0x20 select.o
 .debug_aranges
                0x00000140       0x20 startup/libea_startup_thumb.a(consol.o)
 .debug_aranges
                0x00000160       0x20 startup/libea_startup_thumb.a(framework.o)
 .debug_aranges
                0x00000180       0x20 pre_emptive_os/pre_emptive_os.a(kernel.o)
 .debug_aranges
                0x000001a0       0x20 pre_emptive_os/pre_emptive_os.a(prioqueue.o)
 .debug_aranges
                0x000001c0       0x20 pre_emptive_os/pre_emptive_os.a(timer.o)
 .debug_aranges
                0x000001e0       0x20 pre_emptive_os/pre_emptive_os.a(stack_usage.o)
 .debug_aranges
                0x00000200       0x20 pre_emptive_os/pre_emptive_os.a(a7hal.o)
 .debug_aranges
                0x00000220       0x20 pre_emptive_os/pre_emptive_os.a(count_sem.o)
 .debug_aranges
                0x00000240       0x20 pre_emptive_os/pre_emptive_os.a(event.o)
 .debug_aranges
                0x00000260       0x20 /cygdrive/c/Embedded/GNUARM/bin/../lib/gcc/arm-elf/4.1.1/interwork/libgcc.a(_udivsi3.o)
 .debug_aranges
                0x00000280       0x20 /cygdrive/c/Embedded/GNUARM/bin/../lib/gcc/arm-elf/4.1.1/interwork/libgcc.a(_divsi3.o)
 .debug_aranges
                0x000002a0       0x20 /cygdrive/c/Embedded/GNUARM/bin/../lib/gcc/arm-elf/4.1.1/interwork/libgcc.a(_umodsi3.o)
 .debug_aranges
                0x000002c0       0x20 /cygdrive/c/Embedded/GNUARM/bin/../lib/gcc/arm-elf/4.1.1/interwork/libgcc.a(_modsi3.o)
 .debug_aranges
                0x000002e0       0x20 /cygdrive/c/Embedded/GNUARM/bin/../lib/gcc/arm-elf/4.1.1/interwork/libgcc.a(_dvmd_tls.o)
 .debug_aranges
                0x00000300       0x20 /cygdrive/c/Embedded/GNUARM/bin/../lib/gcc/arm-elf/4.1.1/interwork/libgcc.a(_call_via_rX.o)
 .debug_aranges
                0x00000320       0x20 /cygdrive/c/Embedded/GNUARM/bin/../lib/gcc/arm-elf/4.1.1/../../../../arm-elf/lib/interwork/libc.a(atoi.o)
 .debug_aranges
                0x00000340       0x20 /cygdrive/c/Embedded/GNUARM/bin/../lib/gcc/arm-elf/4.1.1/../../../../arm-elf/lib/interwork/libc.a(memcpy.o)
 .debug_aranges
                0x00000360       0x20 /cygdrive/c/Embedded/GNUARM/bin/../lib/gcc/arm-elf/4.1.1/../../../../arm-elf/lib/interwork/libc.a(rand.o)
 .debug_aranges
                0x00000380       0x20 /cygdrive/c/Embedded/GNUARM/bin/../lib/gcc/arm-elf/4.1.1/../../../../arm-elf/lib/interwork/libc.a(strlen.o)
 .debug_aranges
                0x000003a0       0x20 /cygdrive/c/Embedded/GNUARM/bin/../lib/gcc/arm-elf/4.1.1/../../../../arm-elf/lib/interwork/libc.a(strtol.o)

.debug_pubnames
                0x00000000      0xa5e
 *(.debug_pubnames)
 .debug_pubnames
                0x00000000       0x92 main.o
 .debug_pubnames
                0x00000092       0x64 eeprom.o
 .debug_pubnames
                0x000000f6       0xcc i2c.o
 .debug_pubnames
                0x000001c2       0x33 adc.o
 .debug_pubnames
                0x000001f5       0x46 pca9532.o
 .debug_pubnames
                0x0000023b       0xe5 lcd.o
 .debug_pubnames
                0x00000320       0x40 lcd_hw.o
 .debug_pubnames
                0x00000360       0x2a snake.o
 .debug_pubnames
                0x0000038a       0x57 key.o
 .debug_pubnames
                0x000003e1       0x1f select.o
 .debug_pubnames
                0x00000400       0xda startup/libea_startup_thumb.a(consol.o)
 .debug_pubnames
                0x000004da       0x63 startup/libea_startup_thumb.a(framework.o)
 .debug_pubnames
                0x0000053d      0x17f pre_emptive_os/pre_emptive_os.a(kernel.o)
 .debug_pubnames
                0x000006bc       0x76 pre_emptive_os/pre_emptive_os.a(prioqueue.o)
 .debug_pubnames
                0x00000732       0x55 pre_emptive_os/pre_emptive_os.a(timer.o)
 .debug_pubnames
                0x00000787       0x4e pre_emptive_os/pre_emptive_os.a(stack_usage.o)
 .debug_pubnames
                0x000007d5       0xc1 pre_emptive_os/pre_emptive_os.a(a7hal.o)
 .debug_pubnames
                0x00000896       0x4d pre_emptive_os/pre_emptive_os.a(count_sem.o)
 .debug_pubnames
                0x000008e3       0x63 pre_emptive_os/pre_emptive_os.a(event.o)
 .debug_pubnames
                0x00000946       0x27 /cygdrive/c/Embedded/GNUARM/bin/../lib/gcc/arm-elf/4.1.1/../../../../arm-elf/lib/interwork/libc.a(atoi.o)
 .debug_pubnames
                0x0000096d       0x1d /cygdrive/c/Embedded/GNUARM/bin/../lib/gcc/arm-elf/4.1.1/../../../../arm-elf/lib/interwork/libc.a(memcpy.o)
 .debug_pubnames
                0x0000098a       0x25 /cygdrive/c/Embedded/GNUARM/bin/../lib/gcc/arm-elf/4.1.1/../../../../arm-elf/lib/interwork/libc.a(rand.o)
 .debug_pubnames
                0x000009af       0x1d /cygdrive/c/Embedded/GNUARM/bin/../lib/gcc/arm-elf/4.1.1/../../../../arm-elf/lib/interwork/libc.a(strlen.o)
 .debug_pubnames
                0x000009cc       0x2b /cygdrive/c/Embedded/GNUARM/bin/../lib/gcc/arm-elf/4.1.1/../../../../arm-elf/lib/interwork/libc.a(strtol.o)
 .debug_pubnames
                0x000009f7       0x2e /cygdrive/c/Embedded/GNUARM/bin/../lib/gcc/arm-elf/4.1.1/../../../../arm-elf/lib/interwork/libc.a(ctype_.o)
 .debug_pubnames
                0x00000a25       0x39 /cygdrive/c/Embedded/GNUARM/bin/../lib/gcc/arm-elf/4.1.1/../../../../arm-elf/lib/interwork/libc.a(impure.o)

.debug_info     0x00000000     0x652d
 *(.debug_info .gnu.linkonce.wi.*)
 .debug_info    0x00000000      0x302 main.o
 .debug_info    0x00000302      0x29a eeprom.o
 .debug_info    0x0000059c      0x465 i2c.o
 .debug_info    0x00000a01       0xdd adc.o
 .debug_info    0x00000ade      0x179 pca9532.o
 .debug_info    0x00000c57      0x596 lcd.o
 .debug_info    0x000011ed      0x105 lcd_hw.o
 .debug_info    0x000012f2      0x3e5 snake.o
 .debug_info    0x000016d7      0x266 key.o
 .debug_info    0x0000193d      0x203 select.o
 .debug_info    0x00001b40      0x584 startup/libea_startup_thumb.a(consol.o)
 .debug_info    0x000020c4      0x1e5 startup/libea_startup_thumb.a(framework.o)
 .debug_info    0x000022a9      0x5fe pre_emptive_os/pre_emptive_os.a(kernel.o)
 .debug_info    0x000028a7      0x2e8 pre_emptive_os/pre_emptive_os.a(prioqueue.o)
 .debug_info    0x00002b8f      0x4b8 pre_emptive_os/pre_emptive_os.a(timer.o)
 .debug_info    0x00003047      0x2cf pre_emptive_os/pre_emptive_os.a(stack_usage.o)
 .debug_info    0x00003316      0x189 pre_emptive_os/pre_emptive_os.a(a7hal.o)
 .debug_info    0x0000349f      0x32b pre_emptive_os/pre_emptive_os.a(count_sem.o)
 .debug_info    0x000037ca      0x2ee pre_emptive_os/pre_emptive_os.a(event.o)
 .debug_info    0x00003ab8       0x68 /cygdrive/c/Embedded/GNUARM/bin/../lib/gcc/arm-elf/4.1.1/interwork/libgcc.a(_udivsi3.o)
 .debug_info    0x00003b20       0x68 /cygdrive/c/Embedded/GNUARM/bin/../lib/gcc/arm-elf/4.1.1/interwork/libgcc.a(_divsi3.o)
 .debug_info    0x00003b88       0x68 /cygdrive/c/Embedded/GNUARM/bin/../lib/gcc/arm-elf/4.1.1/interwork/libgcc.a(_umodsi3.o)
 .debug_info    0x00003bf0       0x68 /cygdrive/c/Embedded/GNUARM/bin/../lib/gcc/arm-elf/4.1.1/interwork/libgcc.a(_modsi3.o)
 .debug_info    0x00003c58       0x68 /cygdrive/c/Embedded/GNUARM/bin/../lib/gcc/arm-elf/4.1.1/interwork/libgcc.a(_dvmd_tls.o)
 .debug_info    0x00003cc0       0x68 /cygdrive/c/Embedded/GNUARM/bin/../lib/gcc/arm-elf/4.1.1/interwork/libgcc.a(_call_via_rX.o)
 .debug_info    0x00003d28      0x949 /cygdrive/c/Embedded/GNUARM/bin/../lib/gcc/arm-elf/4.1.1/../../../../arm-elf/lib/interwork/libc.a(atoi.o)
 .debug_info    0x00004671      0x10a /cygdrive/c/Embedded/GNUARM/bin/../lib/gcc/arm-elf/4.1.1/../../../../arm-elf/lib/interwork/libc.a(memcpy.o)
 .debug_info    0x0000477b      0x934 /cygdrive/c/Embedded/GNUARM/bin/../lib/gcc/arm-elf/4.1.1/../../../../arm-elf/lib/interwork/libc.a(rand.o)
 .debug_info    0x000050af       0xd4 /cygdrive/c/Embedded/GNUARM/bin/../lib/gcc/arm-elf/4.1.1/../../../../arm-elf/lib/interwork/libc.a(strlen.o)
 .debug_info    0x00005183      0xa0f /cygdrive/c/Embedded/GNUARM/bin/../lib/gcc/arm-elf/4.1.1/../../../../arm-elf/lib/interwork/libc.a(strtol.o)
 .debug_info    0x00005b92       0x79 /cygdrive/c/Embedded/GNUARM/bin/../lib/gcc/arm-elf/4.1.1/../../../../arm-elf/lib/interwork/libc.a(ctype_.o)
 .debug_info    0x00005c0b      0x922 /cygdrive/c/Embedded/GNUARM/bin/../lib/gcc/arm-elf/4.1.1/../../../../arm-elf/lib/interwork/libc.a(impure.o)

.debug_abbrev   0x00000000     0x1fc8
 *(.debug_abbrev)
 .debug_abbrev  0x00000000      0x168 main.o
 .debug_abbrev  0x00000168      0x117 eeprom.o
 .debug_abbrev  0x0000027f      0x1ac i2c.o
 .debug_abbrev  0x0000042b       0xa6 adc.o
 .debug_abbrev  0x000004d1       0xb8 pca9532.o
 .debug_abbrev  0x00000589      0x1bf lcd.o
 .debug_abbrev  0x00000748       0xcd lcd_hw.o
 .debug_abbrev  0x00000815      0x1a0 snake.o
 .debug_abbrev  0x000009b5      0x120 key.o
 .debug_abbrev  0x00000ad5       0xe5 select.o
 .debug_abbrev  0x00000bba      0x2a4 startup/libea_startup_thumb.a(consol.o)
 .debug_abbrev  0x00000e5e       0xd0 startup/libea_startup_thumb.a(framework.o)
 .debug_abbrev  0x00000f2e      0x1b8 pre_emptive_os/pre_emptive_os.a(kernel.o)
 .debug_abbrev  0x000010e6      0x11e pre_emptive_os/pre_emptive_os.a(prioqueue.o)
 .debug_abbrev  0x00001204      0x154 pre_emptive_os/pre_emptive_os.a(timer.o)
 .debug_abbrev  0x00001358      0x170 pre_emptive_os/pre_emptive_os.a(stack_usage.o)
 .debug_abbrev  0x000014c8       0xf2 pre_emptive_os/pre_emptive_os.a(a7hal.o)
 .debug_abbrev  0x000015ba      0x101 pre_emptive_os/pre_emptive_os.a(count_sem.o)
 .debug_abbrev  0x000016bb      0x103 pre_emptive_os/pre_emptive_os.a(event.o)
 .debug_abbrev  0x000017be       0x14 /cygdrive/c/Embedded/GNUARM/bin/../lib/gcc/arm-elf/4.1.1/interwork/libgcc.a(_udivsi3.o)
 .debug_abbrev  0x000017d2       0x14 /cygdrive/c/Embedded/GNUARM/bin/../lib/gcc/arm-elf/4.1.1/interwork/libgcc.a(_divsi3.o)
 .debug_abbrev  0x000017e6       0x14 /cygdrive/c/Embedded/GNUARM/bin/../lib/gcc/arm-elf/4.1.1/interwork/libgcc.a(_umodsi3.o)
 .debug_abbrev  0x000017fa       0x14 /cygdrive/c/Embedded/GNUARM/bin/../lib/gcc/arm-elf/4.1.1/interwork/libgcc.a(_modsi3.o)
 .debug_abbrev  0x0000180e       0x14 /cygdrive/c/Embedded/GNUARM/bin/../lib/gcc/arm-elf/4.1.1/interwork/libgcc.a(_dvmd_tls.o)
 .debug_abbrev  0x00001822       0x14 /cygdrive/c/Embedded/GNUARM/bin/../lib/gcc/arm-elf/4.1.1/interwork/libgcc.a(_call_via_rX.o)
 .debug_abbrev  0x00001836      0x176 /cygdrive/c/Embedded/GNUARM/bin/../lib/gcc/arm-elf/4.1.1/../../../../arm-elf/lib/interwork/libc.a(atoi.o)
 .debug_abbrev  0x000019ac       0xa6 /cygdrive/c/Embedded/GNUARM/bin/../lib/gcc/arm-elf/4.1.1/../../../../arm-elf/lib/interwork/libc.a(memcpy.o)
 .debug_abbrev  0x00001a52      0x185 /cygdrive/c/Embedded/GNUARM/bin/../lib/gcc/arm-elf/4.1.1/../../../../arm-elf/lib/interwork/libc.a(rand.o)
 .debug_abbrev  0x00001bd7       0x8b /cygdrive/c/Embedded/GNUARM/bin/../lib/gcc/arm-elf/4.1.1/../../../../arm-elf/lib/interwork/libc.a(strlen.o)
 .debug_abbrev  0x00001c62      0x1bd /cygdrive/c/Embedded/GNUARM/bin/../lib/gcc/arm-elf/4.1.1/../../../../arm-elf/lib/interwork/libc.a(strtol.o)
 .debug_abbrev  0x00001e1f       0x52 /cygdrive/c/Embedded/GNUARM/bin/../lib/gcc/arm-elf/4.1.1/../../../../arm-elf/lib/interwork/libc.a(ctype_.o)
 .debug_abbrev  0x00001e71      0x157 /cygdrive/c/Embedded/GNUARM/bin/../lib/gcc/arm-elf/4.1.1/../../../../arm-elf/lib/interwork/libc.a(impure.o)

.debug_line     0x00000000     0x19f5
 *(.debug_line)
 .debug_line    0x00000000      0x113 main.o
 .debug_line    0x00000113       0xf4 eeprom.o
 .debug_line    0x00000207      0x10d i2c.o
 .debug_line    0x00000314       0x7f adc.o
 .debug_line    0x00000393       0x96 pca9532.o
 .debug_line    0x00000429      0x183 lcd.o
 .debug_line    0x000005ac       0x99 lcd_hw.o
 .debug_line    0x00000645      0x140 snake.o
 .debug_line    0x00000785       0xc1 key.o
 .debug_line    0x00000846       0xa6 select.o
 .debug_line    0x000008ec      0x193 startup/libea_startup_thumb.a(consol.o)
 .debug_line    0x00000a7f       0xb9 startup/libea_startup_thumb.a(framework.o)
 .debug_line    0x00000b38      0x176 pre_emptive_os/pre_emptive_os.a(kernel.o)
 .debug_line    0x00000cae       0xbb pre_emptive_os/pre_emptive_os.a(prioqueue.o)
 .debug_line    0x00000d69      0x109 pre_emptive_os/pre_emptive_os.a(timer.o)
 .debug_line    0x00000e72       0x97 pre_emptive_os/pre_emptive_os.a(stack_usage.o)
 .debug_line    0x00000f09       0x8c pre_emptive_os/pre_emptive_os.a(a7hal.o)
 .debug_line    0x00000f95       0xd9 pre_emptive_os/pre_emptive_os.a(count_sem.o)
 .debug_line    0x0000106e       0xaf pre_emptive_os/pre_emptive_os.a(event.o)
 .debug_line    0x0000111d       0x84 /cygdrive/c/Embedded/GNUARM/bin/../lib/gcc/arm-elf/4.1.1/interwork/libgcc.a(_udivsi3.o)
 .debug_line    0x000011a1       0x90 /cygdrive/c/Embedded/GNUARM/bin/../lib/gcc/arm-elf/4.1.1/interwork/libgcc.a(_divsi3.o)
 .debug_line    0x00001231       0x6e /cygdrive/c/Embedded/GNUARM/bin/../lib/gcc/arm-elf/4.1.1/interwork/libgcc.a(_umodsi3.o)
 .debug_line    0x0000129f       0x74 /cygdrive/c/Embedded/GNUARM/bin/../lib/gcc/arm-elf/4.1.1/interwork/libgcc.a(_modsi3.o)
 .debug_line    0x00001313       0x5d /cygdrive/c/Embedded/GNUARM/bin/../lib/gcc/arm-elf/4.1.1/interwork/libgcc.a(_dvmd_tls.o)
 .debug_line    0x00001370       0x6b /cygdrive/c/Embedded/GNUARM/bin/../lib/gcc/arm-elf/4.1.1/interwork/libgcc.a(_call_via_rX.o)
 .debug_line    0x000013db       0xf9 /cygdrive/c/Embedded/GNUARM/bin/../lib/gcc/arm-elf/4.1.1/../../../../arm-elf/lib/interwork/libc.a(atoi.o)
 .debug_line    0x000014d4       0xc8 /cygdrive/c/Embedded/GNUARM/bin/../lib/gcc/arm-elf/4.1.1/../../../../arm-elf/lib/interwork/libc.a(memcpy.o)
 .debug_line    0x0000159c       0xf9 /cygdrive/c/Embedded/GNUARM/bin/../lib/gcc/arm-elf/4.1.1/../../../../arm-elf/lib/interwork/libc.a(rand.o)
 .debug_line    0x00001695       0xaf /cygdrive/c/Embedded/GNUARM/bin/../lib/gcc/arm-elf/4.1.1/../../../../arm-elf/lib/interwork/libc.a(strlen.o)
 .debug_line    0x00001744      0x173 /cygdrive/c/Embedded/GNUARM/bin/../lib/gcc/arm-elf/4.1.1/../../../../arm-elf/lib/interwork/libc.a(strtol.o)
 .debug_line    0x000018b7       0x5b /cygdrive/c/Embedded/GNUARM/bin/../lib/gcc/arm-elf/4.1.1/../../../../arm-elf/lib/interwork/libc.a(ctype_.o)
 .debug_line    0x00001912       0xe3 /cygdrive/c/Embedded/GNUARM/bin/../lib/gcc/arm-elf/4.1.1/../../../../arm-elf/lib/interwork/libc.a(impure.o)

.debug_frame    0x00000000      0xf98
 *(.debug_frame)
 .debug_frame   0x00000000       0x90 main.o
 .debug_frame   0x00000090       0xa4 eeprom.o
 .debug_frame   0x00000134      0x108 i2c.o
 .debug_frame   0x0000023c       0x44 adc.o
 .debug_frame   0x00000280       0x68 pca9532.o
 .debug_frame   0x000002e8      0x1b8 lcd.o
 .debug_frame   0x000004a0       0x4c lcd_hw.o
 .debug_frame   0x000004ec       0x98 snake.o
 .debug_frame   0x00000584       0x90 key.o
 .debug_frame   0x00000614       0x54 select.o
 .debug_frame   0x00000668      0x150 startup/libea_startup_thumb.a(consol.o)
 .debug_frame   0x000007b8       0xe0 startup/libea_startup_thumb.a(framework.o)
 .debug_frame   0x00000898      0x1e8 pre_emptive_os/pre_emptive_os.a(kernel.o)
 .debug_frame   0x00000a80       0x8c pre_emptive_os/pre_emptive_os.a(prioqueue.o)
 .debug_frame   0x00000b0c       0xb8 pre_emptive_os/pre_emptive_os.a(timer.o)
 .debug_frame   0x00000bc4       0x58 pre_emptive_os/pre_emptive_os.a(stack_usage.o)
 .debug_frame   0x00000c1c       0xa0 pre_emptive_os/pre_emptive_os.a(a7hal.o)
 .debug_frame   0x00000cbc       0x84 pre_emptive_os/pre_emptive_os.a(count_sem.o)
 .debug_frame   0x00000d40       0x94 pre_emptive_os/pre_emptive_os.a(event.o)
 .debug_frame   0x00000dd4       0x2c /cygdrive/c/Embedded/GNUARM/bin/../lib/gcc/arm-elf/4.1.1/interwork/libgcc.a(_udivsi3.o)
 .debug_frame   0x00000e00       0x2c /cygdrive/c/Embedded/GNUARM/bin/../lib/gcc/arm-elf/4.1.1/interwork/libgcc.a(_divsi3.o)
 .debug_frame   0x00000e2c       0x2c /cygdrive/c/Embedded/GNUARM/bin/../lib/gcc/arm-elf/4.1.1/interwork/libgcc.a(_umodsi3.o)
 .debug_frame   0x00000e58       0x2c /cygdrive/c/Embedded/GNUARM/bin/../lib/gcc/arm-elf/4.1.1/interwork/libgcc.a(_modsi3.o)
 .debug_frame   0x00000e84       0x40 /cygdrive/c/Embedded/GNUARM/bin/../lib/gcc/arm-elf/4.1.1/../../../../arm-elf/lib/interwork/libc.a(atoi.o)
 .debug_frame   0x00000ec4       0x28 /cygdrive/c/Embedded/GNUARM/bin/../lib/gcc/arm-elf/4.1.1/../../../../arm-elf/lib/interwork/libc.a(memcpy.o)
 .debug_frame   0x00000eec       0x3c /cygdrive/c/Embedded/GNUARM/bin/../lib/gcc/arm-elf/4.1.1/../../../../arm-elf/lib/interwork/libc.a(rand.o)
 .debug_frame   0x00000f28       0x20 /cygdrive/c/Embedded/GNUARM/bin/../lib/gcc/arm-elf/4.1.1/../../../../arm-elf/lib/interwork/libc.a(strlen.o)
 .debug_frame   0x00000f48       0x50 /cygdrive/c/Embedded/GNUARM/bin/../lib/gcc/arm-elf/4.1.1/../../../../arm-elf/lib/interwork/libc.a(strtol.o)

.debug_str      0x00000000     0x1757
 *(.debug_str)
 .debug_str     0x00000000      0x151 main.o
                                0x17c (size before relaxing)
 .debug_str     0x00000151       0x8a eeprom.o
                                0x121 (size before relaxing)
 .debug_str     0x000001db       0x95 i2c.o
                                0x14b (size before relaxing)
 .debug_str     0x00000270       0x42 adc.o
                                 0xeb (size before relaxing)
 .debug_str     0x000002b2       0x5b pca9532.o
                                0x10b (size before relaxing)
 .debug_str     0x0000030d      0x13c lcd.o
                                0x1f0 (size before relaxing)
 .debug_str     0x00000449       0x3b lcd_hw.o
                                 0xe5 (size before relaxing)
 .debug_str     0x00000484      0x159 snake.o
                                0x22c (size before relaxing)
 .debug_str     0x000005dd      0x10a key.o
                                0x1b5 (size before relaxing)
 .debug_str     0x000006e7       0x27 select.o
                                0x1a5 (size before relaxing)
 .debug_str     0x0000070e      0x1b2 startup/libea_startup_thumb.a(consol.o)
                                0x258 (size before relaxing)
 .debug_str     0x000008c0       0xdd startup/libea_startup_thumb.a(framework.o)
                                0x154 (size before relaxing)
 .debug_str     0x0000099d      0x2e0 pre_emptive_os/pre_emptive_os.a(kernel.o)
                                0x35e (size before relaxing)
 .debug_str     0x00000c7d       0x7d pre_emptive_os/pre_emptive_os.a(prioqueue.o)
                                0x246 (size before relaxing)
 .debug_str     0x00000cfa      0x10e pre_emptive_os/pre_emptive_os.a(timer.o)
                                0x2f7 (size before relaxing)
 .debug_str     0x00000e08       0x70 pre_emptive_os/pre_emptive_os.a(stack_usage.o)
                                0x22b (size before relaxing)
 .debug_str     0x00000e78      0x16f pre_emptive_os/pre_emptive_os.a(a7hal.o)
                                0x1dd (size before relaxing)
 .debug_str     0x00000fe7       0x51 pre_emptive_os/pre_emptive_os.a(count_sem.o)
                                0x25b (size before relaxing)
 .debug_str     0x00001038       0x51 pre_emptive_os/pre_emptive_os.a(event.o)
                                0x265 (size before relaxing)
 .debug_str     0x00001089      0x409 /cygdrive/c/Embedded/GNUARM/bin/../lib/gcc/arm-elf/4.1.1/../../../../arm-elf/lib/interwork/libc.a(atoi.o)
                                0x49e (size before relaxing)
 .debug_str     0x00001492       0xaa /cygdrive/c/Embedded/GNUARM/bin/../lib/gcc/arm-elf/4.1.1/../../../../arm-elf/lib/interwork/libc.a(memcpy.o)
                                 0xd6 (size before relaxing)
 .debug_str     0x0000153c       0x40 /cygdrive/c/Embedded/GNUARM/bin/../lib/gcc/arm-elf/4.1.1/../../../../arm-elf/lib/interwork/libc.a(rand.o)
                                0x4ad (size before relaxing)
 .debug_str     0x0000157c       0x56 /cygdrive/c/Embedded/GNUARM/bin/../lib/gcc/arm-elf/4.1.1/../../../../arm-elf/lib/interwork/libc.a(strlen.o)
                                0x11f (size before relaxing)
 .debug_str     0x000015d2       0x78 /cygdrive/c/Embedded/GNUARM/bin/../lib/gcc/arm-elf/4.1.1/../../../../arm-elf/lib/interwork/libc.a(strtol.o)
                                0x4e0 (size before relaxing)
 .debug_str     0x0000164a       0x7b /cygdrive/c/Embedded/GNUARM/bin/../lib/gcc/arm-elf/4.1.1/../../../../arm-elf/lib/interwork/libc.a(ctype_.o)
                                 0xaa (size before relaxing)
 .debug_str     0x000016c5       0x92 /cygdrive/c/Embedded/GNUARM/bin/../lib/gcc/arm-elf/4.1.1/../../../../arm-elf/lib/interwork/libc.a(impure.o)
                                0x4bc (size before relaxing)

.debug_loc      0x00000000     0x2169
 *(.debug_loc)
 .debug_loc     0x00000000      0x13a main.o
 .debug_loc     0x0000013a      0x374 eeprom.o
 .debug_loc     0x000004ae      0x406 i2c.o
 .debug_loc     0x000008b4       0x68 adc.o
 .debug_loc     0x0000091c       0xbd pca9532.o
 .debug_loc     0x000009d9      0x78e lcd.o
 .debug_loc     0x00001167       0x79 lcd_hw.o
 .debug_loc     0x000011e0      0x2b0 snake.o
 .debug_loc     0x00001490       0xb8 key.o
 .debug_loc     0x00001548       0x9d select.o
 .debug_loc     0x000015e5      0x5ee startup/libea_startup_thumb.a(consol.o)
 .debug_loc     0x00001bd3      0x1b2 startup/libea_startup_thumb.a(framework.o)
 .debug_loc     0x00001d85       0x77 /cygdrive/c/Embedded/GNUARM/bin/../lib/gcc/arm-elf/4.1.1/../../../../arm-elf/lib/interwork/libc.a(atoi.o)
 .debug_loc     0x00001dfc       0xfc /cygdrive/c/Embedded/GNUARM/bin/../lib/gcc/arm-elf/4.1.1/../../../../arm-elf/lib/interwork/libc.a(memcpy.o)
 .debug_loc     0x00001ef8       0x1f /cygdrive/c/Embedded/GNUARM/bin/../lib/gcc/arm-elf/4.1.1/../../../../arm-elf/lib/interwork/libc.a(rand.o)
 .debug_loc     0x00001f17       0x47 /cygdrive/c/Embedded/GNUARM/bin/../lib/gcc/arm-elf/4.1.1/../../../../arm-elf/lib/interwork/libc.a(strlen.o)
 .debug_loc     0x00001f5e      0x20b /cygdrive/c/Embedded/GNUARM/bin/../lib/gcc/arm-elf/4.1.1/../../../../arm-elf/lib/interwork/libc.a(strtol.o)

.debug_macinfo
 *(.debug_macinfo)

.debug_weaknames
 *(.debug_weaknames)

.debug_funcnames
 *(.debug_funcnames)

.debug_typenames
 *(.debug_typenames)

.debug_varnames
 *(.debug_varnames)
OUTPUT(lcd_game_demo.elf elf32-littlearm)

Cross Reference Table

Symbol                                            File
____divsi3_change_to_arm                          /cygdrive/c/Embedded/GNUARM/bin/../lib/gcc/arm-elf/4.1.1/../../../../arm-elf/lib/interwork/libc.a(impure.o)
____divsi3_from_thumb                             /cygdrive/c/Embedded/GNUARM/bin/../lib/gcc/arm-elf/4.1.1/../../../../arm-elf/lib/interwork/libc.a(impure.o)
____modsi3_change_to_arm                          /cygdrive/c/Embedded/GNUARM/bin/../lib/gcc/arm-elf/4.1.1/../../../../arm-elf/lib/interwork/libc.a(impure.o)
____modsi3_from_thumb                             /cygdrive/c/Embedded/GNUARM/bin/../lib/gcc/arm-elf/4.1.1/../../../../arm-elf/lib/interwork/libc.a(impure.o)
____udivsi3_change_to_arm                         /cygdrive/c/Embedded/GNUARM/bin/../lib/gcc/arm-elf/4.1.1/../../../../arm-elf/lib/interwork/libc.a(impure.o)
____udivsi3_from_thumb                            /cygdrive/c/Embedded/GNUARM/bin/../lib/gcc/arm-elf/4.1.1/../../../../arm-elf/lib/interwork/libc.a(impure.o)
__aeabi_idiv                                      /cygdrive/c/Embedded/GNUARM/bin/../lib/gcc/arm-elf/4.1.1/interwork/libgcc.a(_divsi3.o)
__aeabi_idiv0                                     /cygdrive/c/Embedded/GNUARM/bin/../lib/gcc/arm-elf/4.1.1/interwork/libgcc.a(_dvmd_tls.o)
__aeabi_idivmod                                   /cygdrive/c/Embedded/GNUARM/bin/../lib/gcc/arm-elf/4.1.1/interwork/libgcc.a(_divsi3.o)
__aeabi_ldiv0                                     /cygdrive/c/Embedded/GNUARM/bin/../lib/gcc/arm-elf/4.1.1/interwork/libgcc.a(_dvmd_tls.o)
__aeabi_uidiv                                     /cygdrive/c/Embedded/GNUARM/bin/../lib/gcc/arm-elf/4.1.1/interwork/libgcc.a(_udivsi3.o)
__aeabi_uidivmod                                  /cygdrive/c/Embedded/GNUARM/bin/../lib/gcc/arm-elf/4.1.1/interwork/libgcc.a(_udivsi3.o)
__bss_end__                                       startup/libea_startup_thumb.a(startup.o)
__bss_start__                                     startup/libea_startup_thumb.a(startup.o)
__ctxSwitchIsr_oshal_change_to_arm                /cygdrive/c/Embedded/GNUARM/bin/../lib/gcc/arm-elf/4.1.1/../../../../arm-elf/lib/interwork/libc.a(impure.o)
__ctxSwitchIsr_oshal_from_thumb                   /cygdrive/c/Embedded/GNUARM/bin/../lib/gcc/arm-elf/4.1.1/../../../../arm-elf/lib/interwork/libc.a(impure.o)
__ctxSwitch_oshal_change_to_arm                   /cygdrive/c/Embedded/GNUARM/bin/../lib/gcc/arm-elf/4.1.1/../../../../arm-elf/lib/interwork/libc.a(impure.o)
__ctxSwitch_oshal_from_thumb                      /cygdrive/c/Embedded/GNUARM/bin/../lib/gcc/arm-elf/4.1.1/../../../../arm-elf/lib/interwork/libc.a(impure.o)
__ctype_ptr                                       /cygdrive/c/Embedded/GNUARM/bin/../lib/gcc/arm-elf/4.1.1/../../../../arm-elf/lib/interwork/libc.a(ctype_.o)
                                                  /cygdrive/c/Embedded/GNUARM/bin/../lib/gcc/arm-elf/4.1.1/../../../../arm-elf/lib/interwork/libc.a(strtol.o)
__div0                                            /cygdrive/c/Embedded/GNUARM/bin/../lib/gcc/arm-elf/4.1.1/interwork/libgcc.a(_dvmd_tls.o)
                                                  /cygdrive/c/Embedded/GNUARM/bin/../lib/gcc/arm-elf/4.1.1/interwork/libgcc.a(_modsi3.o)
                                                  /cygdrive/c/Embedded/GNUARM/bin/../lib/gcc/arm-elf/4.1.1/interwork/libgcc.a(_umodsi3.o)
                                                  /cygdrive/c/Embedded/GNUARM/bin/../lib/gcc/arm-elf/4.1.1/interwork/libgcc.a(_divsi3.o)
                                                  /cygdrive/c/Embedded/GNUARM/bin/../lib/gcc/arm-elf/4.1.1/interwork/libgcc.a(_udivsi3.o)
__divsi3                                          /cygdrive/c/Embedded/GNUARM/bin/../lib/gcc/arm-elf/4.1.1/interwork/libgcc.a(_divsi3.o)
                                                  pre_emptive_os/pre_emptive_os.a(stack_usage.o)
                                                  snake.o
__eaInit_change_to_arm                            /cygdrive/c/Embedded/GNUARM/bin/../lib/gcc/arm-elf/4.1.1/../../../../arm-elf/lib/interwork/libc.a(impure.o)
__eaInit_from_thumb                               /cygdrive/c/Embedded/GNUARM/bin/../lib/gcc/arm-elf/4.1.1/../../../../arm-elf/lib/interwork/libc.a(impure.o)
__halDisableInterrupts_oshal_change_to_arm        /cygdrive/c/Embedded/GNUARM/bin/../lib/gcc/arm-elf/4.1.1/../../../../arm-elf/lib/interwork/libc.a(impure.o)
__halDisableInterrupts_oshal_from_thumb           /cygdrive/c/Embedded/GNUARM/bin/../lib/gcc/arm-elf/4.1.1/../../../../arm-elf/lib/interwork/libc.a(impure.o)
__halRestoreInterrupts_oshal_change_to_arm        /cygdrive/c/Embedded/GNUARM/bin/../lib/gcc/arm-elf/4.1.1/../../../../arm-elf/lib/interwork/libc.a(impure.o)
__halRestoreInterrupts_oshal_from_thumb           /cygdrive/c/Embedded/GNUARM/bin/../lib/gcc/arm-elf/4.1.1/../../../../arm-elf/lib/interwork/libc.a(impure.o)
__initTimer_oshal_change_to_arm                   /cygdrive/c/Embedded/GNUARM/bin/../lib/gcc/arm-elf/4.1.1/../../../../arm-elf/lib/interwork/libc.a(impure.o)
__initTimer_oshal_from_thumb                      /cygdrive/c/Embedded/GNUARM/bin/../lib/gcc/arm-elf/4.1.1/../../../../arm-elf/lib/interwork/libc.a(impure.o)
__memcpy_change_to_arm                            /cygdrive/c/Embedded/GNUARM/bin/../lib/gcc/arm-elf/4.1.1/../../../../arm-elf/lib/interwork/libc.a(impure.o)
__memcpy_from_thumb                               /cygdrive/c/Embedded/GNUARM/bin/../lib/gcc/arm-elf/4.1.1/../../../../arm-elf/lib/interwork/libc.a(impure.o)
__modsi3                                          /cygdrive/c/Embedded/GNUARM/bin/../lib/gcc/arm-elf/4.1.1/interwork/libgcc.a(_modsi3.o)
                                                  snake.o
__osISRExit_from_arm                              /cygdrive/c/Embedded/GNUARM/bin/../lib/gcc/arm-elf/4.1.1/../../../../arm-elf/lib/interwork/libc.a(impure.o)
__osTick_from_arm                                 /cygdrive/c/Embedded/GNUARM/bin/../lib/gcc/arm-elf/4.1.1/../../../../arm-elf/lib/interwork/libc.a(impure.o)
__rand_change_to_arm                              /cygdrive/c/Embedded/GNUARM/bin/../lib/gcc/arm-elf/4.1.1/../../../../arm-elf/lib/interwork/libc.a(impure.o)
__rand_from_thumb                                 /cygdrive/c/Embedded/GNUARM/bin/../lib/gcc/arm-elf/4.1.1/../../../../arm-elf/lib/interwork/libc.a(impure.o)
__simplePrintf_change_to_arm                      /cygdrive/c/Embedded/GNUARM/bin/../lib/gcc/arm-elf/4.1.1/../../../../arm-elf/lib/interwork/libc.a(impure.o)
__simplePrintf_from_thumb                         /cygdrive/c/Embedded/GNUARM/bin/../lib/gcc/arm-elf/4.1.1/../../../../arm-elf/lib/interwork/libc.a(impure.o)
__srand_change_to_arm                             /cygdrive/c/Embedded/GNUARM/bin/../lib/gcc/arm-elf/4.1.1/../../../../arm-elf/lib/interwork/libc.a(impure.o)
__srand_from_thumb                                /cygdrive/c/Embedded/GNUARM/bin/../lib/gcc/arm-elf/4.1.1/../../../../arm-elf/lib/interwork/libc.a(impure.o)
__startHighProc_oshal_change_to_arm               /cygdrive/c/Embedded/GNUARM/bin/../lib/gcc/arm-elf/4.1.1/../../../../arm-elf/lib/interwork/libc.a(impure.o)
__startHighProc_oshal_from_thumb                  /cygdrive/c/Embedded/GNUARM/bin/../lib/gcc/arm-elf/4.1.1/../../../../arm-elf/lib/interwork/libc.a(impure.o)
__stkFrameInit_oshal_change_to_arm                /cygdrive/c/Embedded/GNUARM/bin/../lib/gcc/arm-elf/4.1.1/../../../../arm-elf/lib/interwork/libc.a(impure.o)
__stkFrameInit_oshal_from_thumb                   /cygdrive/c/Embedded/GNUARM/bin/../lib/gcc/arm-elf/4.1.1/../../../../arm-elf/lib/interwork/libc.a(impure.o)
__udivsi3                                         /cygdrive/c/Embedded/GNUARM/bin/../lib/gcc/arm-elf/4.1.1/interwork/libgcc.a(_udivsi3.o)
                                                  /cygdrive/c/Embedded/GNUARM/bin/../lib/gcc/arm-elf/4.1.1/../../../../arm-elf/lib/interwork/libc.a(strtol.o)
                                                  pre_emptive_os/pre_emptive_os.a(stack_usage.o)
                                                  startup/libea_startup_thumb.a(consol.o)
__umodsi3                                         /cygdrive/c/Embedded/GNUARM/bin/../lib/gcc/arm-elf/4.1.1/interwork/libgcc.a(_umodsi3.o)
                                                  /cygdrive/c/Embedded/GNUARM/bin/../lib/gcc/arm-elf/4.1.1/../../../../arm-elf/lib/interwork/libc.a(strtol.o)
                                                  startup/libea_startup_thumb.a(consol.o)
_atoi_r                                           /cygdrive/c/Embedded/GNUARM/bin/../lib/gcc/arm-elf/4.1.1/../../../../arm-elf/lib/interwork/libc.a(atoi.o)
_call_via_fp                                      /cygdrive/c/Embedded/GNUARM/bin/../lib/gcc/arm-elf/4.1.1/interwork/libgcc.a(_call_via_rX.o)
_call_via_ip                                      /cygdrive/c/Embedded/GNUARM/bin/../lib/gcc/arm-elf/4.1.1/interwork/libgcc.a(_call_via_rX.o)
_call_via_lr                                      /cygdrive/c/Embedded/GNUARM/bin/../lib/gcc/arm-elf/4.1.1/interwork/libgcc.a(_call_via_rX.o)
_call_via_r0                                      /cygdrive/c/Embedded/GNUARM/bin/../lib/gcc/arm-elf/4.1.1/interwork/libgcc.a(_call_via_rX.o)
_call_via_r1                                      /cygdrive/c/Embedded/GNUARM/bin/../lib/gcc/arm-elf/4.1.1/interwork/libgcc.a(_call_via_rX.o)
_call_via_r2                                      /cygdrive/c/Embedded/GNUARM/bin/../lib/gcc/arm-elf/4.1.1/interwork/libgcc.a(_call_via_rX.o)
_call_via_r3                                      /cygdrive/c/Embedded/GNUARM/bin/../lib/gcc/arm-elf/4.1.1/interwork/libgcc.a(_call_via_rX.o)
_call_via_r4                                      /cygdrive/c/Embedded/GNUARM/bin/../lib/gcc/arm-elf/4.1.1/interwork/libgcc.a(_call_via_rX.o)
                                                  pre_emptive_os/pre_emptive_os.a(timer.o)
_call_via_r5                                      /cygdrive/c/Embedded/GNUARM/bin/../lib/gcc/arm-elf/4.1.1/interwork/libgcc.a(_call_via_rX.o)
_call_via_r6                                      /cygdrive/c/Embedded/GNUARM/bin/../lib/gcc/arm-elf/4.1.1/interwork/libgcc.a(_call_via_rX.o)
_call_via_r7                                      /cygdrive/c/Embedded/GNUARM/bin/../lib/gcc/arm-elf/4.1.1/interwork/libgcc.a(_call_via_rX.o)
_call_via_r8                                      /cygdrive/c/Embedded/GNUARM/bin/../lib/gcc/arm-elf/4.1.1/interwork/libgcc.a(_call_via_rX.o)
_call_via_r9                                      /cygdrive/c/Embedded/GNUARM/bin/../lib/gcc/arm-elf/4.1.1/interwork/libgcc.a(_call_via_rX.o)
_call_via_sl                                      /cygdrive/c/Embedded/GNUARM/bin/../lib/gcc/arm-elf/4.1.1/interwork/libgcc.a(_call_via_rX.o)
_call_via_sp                                      /cygdrive/c/Embedded/GNUARM/bin/../lib/gcc/arm-elf/4.1.1/interwork/libgcc.a(_call_via_rX.o)
_ctype_                                           /cygdrive/c/Embedded/GNUARM/bin/../lib/gcc/arm-elf/4.1.1/../../../../arm-elf/lib/interwork/libc.a(ctype_.o)
_data                                             startup/libea_startup_thumb.a(startup.o)
_edata                                            startup/libea_startup_thumb.a(startup.o)
_etext                                            startup/libea_startup_thumb.a(startup.o)
_fire_0_100x40c                                   main.o
_fire_1_100x40c                                   main.o
_fire_2_100x40c                                   main.o
_fire_3_100x40c                                   main.o
_fire_4_100x40c                                   main.o
_global_impure_ptr                                /cygdrive/c/Embedded/GNUARM/bin/../lib/gcc/arm-elf/4.1.1/../../../../arm-elf/lib/interwork/libc.a(impure.o)
_impure_ptr                                       /cygdrive/c/Embedded/GNUARM/bin/../lib/gcc/arm-elf/4.1.1/../../../../arm-elf/lib/interwork/libc.a(impure.o)
                                                  /cygdrive/c/Embedded/GNUARM/bin/../lib/gcc/arm-elf/4.1.1/../../../../arm-elf/lib/interwork/libc.a(strtol.o)
                                                  /cygdrive/c/Embedded/GNUARM/bin/../lib/gcc/arm-elf/4.1.1/../../../../arm-elf/lib/interwork/libc.a(rand.o)
_startup                                          startup/libea_startup_thumb.a(startup.o)
_strtol_r                                         /cygdrive/c/Embedded/GNUARM/bin/../lib/gcc/arm-elf/4.1.1/../../../../arm-elf/lib/interwork/libc.a(strtol.o)
                                                  /cygdrive/c/Embedded/GNUARM/bin/../lib/gcc/arm-elf/4.1.1/../../../../arm-elf/lib/interwork/libc.a(atoi.o)
addToPrioQueue                                    pre_emptive_os/pre_emptive_os.a(prioqueue.o)
                                                  pre_emptive_os/pre_emptive_os.a(event.o)
                                                  pre_emptive_os/pre_emptive_os.a(kernel.o)
addToRdyList                                      pre_emptive_os/pre_emptive_os.a(kernel.o)
                                                  pre_emptive_os/pre_emptive_os.a(event.o)
addToTimeList                                     pre_emptive_os/pre_emptive_os.a(kernel.o)
                                                  pre_emptive_os/pre_emptive_os.a(event.o)
appTick                                           main.o
                                                  pre_emptive_os/pre_emptive_os.a(kernel.o)
atoi                                              /cygdrive/c/Embedded/GNUARM/bin/../lib/gcc/arm-elf/4.1.1/../../../../arm-elf/lib/interwork/libc.a(atoi.o)
                                                  startup/libea_startup_thumb.a(consol.o)
charMap                                           lcd.o
checkKey                                          key.o
                                                  select.o
                                                  snake.o
                                                  main.o
checkKey2                                         key.o
checkStackLimit                                   pre_emptive_os/pre_emptive_os.a(stack_usage.o)
consolGetCh                                       startup/libea_startup_thumb.a(consol.o)
consolGetChar                                     startup/libea_startup_thumb.a(consol.o)
consolGetIntNum                                   startup/libea_startup_thumb.a(consol.o)
consolGetString                                   startup/libea_startup_thumb.a(consol.o)
consolInit                                        startup/libea_startup_thumb.a(consol.o)
                                                  startup/libea_startup_thumb.a(framework.o)
consolScanf                                       startup/libea_startup_thumb.a(consol.o)
consolSendCh                                      startup/libea_startup_thumb.a(consol.o)
consolSendChar                                    startup/libea_startup_thumb.a(consol.o)
consolSendNumber                                  startup/libea_startup_thumb.a(consol.o)
                                                  startup/libea_startup_thumb.a(framework.o)
consolSendString                                  startup/libea_startup_thumb.a(consol.o)
                                                  startup/libea_startup_thumb.a(framework.o)
createStackPattern                                pre_emptive_os/pre_emptive_os.a(stack_usage.o)
                                                  pre_emptive_os/pre_emptive_os.a(kernel.o)
ctxSwitchIsr_oshal                                pre_emptive_os/pre_emptive_os.a(a7hal_a.o)
                                                  pre_emptive_os/pre_emptive_os.a(kernel.o)
ctxSwitch_oshal                                   pre_emptive_os/pre_emptive_os.a(a7hal_a.o)
                                                  pre_emptive_os/pre_emptive_os.a(kernel.o)
drawMenu                                          select.o
                                                  snake.o
eaInit                                            startup/libea_startup_thumb.a(framework.o)
                                                  main.o
eepromPageRead                                    eeprom.o
eepromPoll                                        eeprom.o
eepromStartRead                                   eeprom.o
eepromWrite                                       eeprom.o
end                                               startup/libea_startup_thumb.a(framework.o)
eventInit                                         pre_emptive_os/pre_emptive_os.a(event.o)
                                                  pre_emptive_os/pre_emptive_os.a(count_sem.o)
eventIsEmpty                                      pre_emptive_os/pre_emptive_os.a(event.o)
                                                  pre_emptive_os/pre_emptive_os.a(count_sem.o)
eventSignal                                       pre_emptive_os/pre_emptive_os.a(event.o)
                                                  pre_emptive_os/pre_emptive_os.a(count_sem.o)
eventWait                                         pre_emptive_os/pre_emptive_os.a(event.o)
                                                  pre_emptive_os/pre_emptive_os.a(count_sem.o)
eventWaitReturn                                   pre_emptive_os/pre_emptive_os.a(event.o)
                                                  pre_emptive_os/pre_emptive_os.a(count_sem.o)
exceptionHandlerInit                              startup/libea_startup_thumb.a(framework.o)
                                                  startup/libea_startup_thumb.a(startup.o)
generalIRQ_oshal                                  pre_emptive_os/pre_emptive_os.a(a7hal_a.o)
                                                  pre_emptive_os/pre_emptive_os.a(a7hal.o)
getAnalogueInput                                  adc.o
getHighPrioQueue                                  pre_emptive_os/pre_emptive_os.a(prioqueue.o)
                                                  pre_emptive_os/pre_emptive_os.a(event.o)
                                                  pre_emptive_os/pre_emptive_os.a(kernel.o)
getKeys                                           key.o
getPca9532Pin                                     pca9532.o
halDisableInterrupts_oshal                        pre_emptive_os/pre_emptive_os.a(a7hal.o)
                                                  pre_emptive_os/pre_emptive_os.a(count_sem.o)
                                                  pre_emptive_os/pre_emptive_os.a(timer.o)
                                                  pre_emptive_os/pre_emptive_os.a(kernel.o)
halEnableInterrupts_oshal                         pre_emptive_os/pre_emptive_os.a(a7hal.o)
halRestoreInterrupts_oshal                        pre_emptive_os/pre_emptive_os.a(a7hal.o)
                                                  pre_emptive_os/pre_emptive_os.a(count_sem.o)
                                                  pre_emptive_os/pre_emptive_os.a(timer.o)
                                                  pre_emptive_os/pre_emptive_os.a(kernel.o)
handleIRQs_oshal                                  pre_emptive_os/pre_emptive_os.a(a7hal.o)
                                                  pre_emptive_os/pre_emptive_os.a(a7hal_a.o)
i2cCheckStatus                                    i2c.o
                                                  eeprom.o
i2cGetChar                                        i2c.o
                                                  eeprom.o
i2cInit                                           i2c.o
                                                  main.o
i2cMyWrite                                        i2c.o
i2cPutChar                                        i2c.o
                                                  eeprom.o
i2cRead                                           i2c.o
i2cRepeatStart                                    i2c.o
                                                  eeprom.o
i2cStart                                          i2c.o
                                                  eeprom.o
i2cStop                                           i2c.o
                                                  eeprom.o
i2cWaitTransmit                                   i2c.o
i2cWrite                                          i2c.o
i2cWriteWithWait                                  i2c.o
                                                  eeprom.o
initAdc                                           adc.o
initKeyProc                                       key.o
                                                  main.o
initPrioQueue                                     pre_emptive_os/pre_emptive_os.a(prioqueue.o)
                                                  pre_emptive_os/pre_emptive_os.a(event.o)
                                                  pre_emptive_os/pre_emptive_os.a(kernel.o)
initSpiForLcd                                     lcd_hw.o
                                                  lcd.o
initTimer_oshal                                   pre_emptive_os/pre_emptive_os.a(a7hal.o)
                                                  pre_emptive_os/pre_emptive_os.a(kernel.o)
isEmptyPrioQueue                                  pre_emptive_os/pre_emptive_os.a(prioqueue.o)
                                                  pre_emptive_os/pre_emptive_os.a(event.o)
isrNesting                                        pre_emptive_os/pre_emptive_os.a(kernel.o)
                                                  pre_emptive_os/pre_emptive_os.a(event.o)
                                                  pre_emptive_os/pre_emptive_os.a(count_sem.o)
                                                  pre_emptive_os/pre_emptive_os.a(a7hal_a.o)
lcdClrscr                                         lcd.o
                                                  snake.o
                                                  main.o
lcdColor                                          lcd.o
                                                  select.o
                                                  snake.o
                                                  main.o
lcdContrast                                       lcd.o
                                                  main.o
lcdData                                           lcd.o
lcdGotoxy                                         lcd.o
                                                  select.o
                                                  snake.o
                                                  main.o
lcdIcon                                           lcd.o
                                                  main.o
lcdInit                                           lcd.o
                                                  main.o
lcdOff                                            lcd.o
lcdPutchar                                        lcd.o
lcdPuts                                           lcd.o
                                                  select.o
                                                  snake.o
                                                  main.o
lcdRect                                           lcd.o
                                                  select.o
                                                  snake.o
                                                  main.o
lcdRectBrd                                        lcd.o
lcdWindow                                         lcd.o
lcdWrcmd                                          lcd.o
lcdWrdata                                         lcd.o
lowLevelInit                                      startup/libea_startup_thumb.a(framework.o)
                                                  startup/libea_startup_thumb.a(startup.o)
main                                              main.o
                                                  startup/libea_startup_thumb.a(startup.o)
memcpy                                            /cygdrive/c/Embedded/GNUARM/bin/../lib/gcc/arm-elf/4.1.1/../../../../arm-elf/lib/interwork/libc.a(memcpy.o)
                                                  startup/libea_startup_thumb.a(consol.o)
                                                  pca9532.o
ms                                                snake.o
                                                  main.o
osCreateProcess                                   pre_emptive_os/pre_emptive_os.a(kernel.o)
                                                  pre_emptive_os/pre_emptive_os.a(timer.o)
                                                  key.o
                                                  main.o
osCreateTimer                                     pre_emptive_os/pre_emptive_os.a(timer.o)
osDeleteProcess                                   pre_emptive_os/pre_emptive_os.a(kernel.o)
                                                  main.o
osDeleteTimer                                     pre_emptive_os/pre_emptive_os.a(timer.o)
osGetHighPrioProc                                 pre_emptive_os/pre_emptive_os.a(kernel.o)
osISREnter                                        pre_emptive_os/pre_emptive_os.a(kernel.o)
osISRExit                                         pre_emptive_os/pre_emptive_os.a(kernel.o)
                                                  pre_emptive_os/pre_emptive_os.a(a7hal_a.o)
osInit                                            pre_emptive_os/pre_emptive_os.a(kernel.o)
                                                  main.o
osInitTimers                                      pre_emptive_os/pre_emptive_os.a(timer.o)
osLockNesting                                     pre_emptive_os/pre_emptive_os.a(kernel.o)
osPid                                             pre_emptive_os/pre_emptive_os.a(kernel.o)
osResume                                          pre_emptive_os/pre_emptive_os.a(kernel.o)
osSemGive                                         pre_emptive_os/pre_emptive_os.a(count_sem.o)
                                                  pre_emptive_os/pre_emptive_os.a(timer.o)
osSemInit                                         pre_emptive_os/pre_emptive_os.a(count_sem.o)
                                                  pre_emptive_os/pre_emptive_os.a(timer.o)
osSemTake                                         pre_emptive_os/pre_emptive_os.a(count_sem.o)
                                                  pre_emptive_os/pre_emptive_os.a(timer.o)
osSemTryTake                                      pre_emptive_os/pre_emptive_os.a(count_sem.o)
osSleep                                           pre_emptive_os/pre_emptive_os.a(kernel.o)
                                                  select.o
                                                  key.o
                                                  snake.o
                                                  lcd.o
                                                  adc.o
                                                  main.o
osStackUsage                                      pre_emptive_os/pre_emptive_os.a(stack_usage.o)
osStart                                           pre_emptive_os/pre_emptive_os.a(kernel.o)
                                                  main.o
osStartProcess                                    pre_emptive_os/pre_emptive_os.a(kernel.o)
                                                  pre_emptive_os/pre_emptive_os.a(timer.o)
                                                  key.o
                                                  main.o
osSuspend                                         pre_emptive_os/pre_emptive_os.a(kernel.o)
osTick                                            pre_emptive_os/pre_emptive_os.a(kernel.o)
                                                  pre_emptive_os/pre_emptive_os.a(a7hal.o)
pHeapEnd                                          startup/libea_startup_thumb.a(framework.o)
pHeapStart                                        startup/libea_startup_thumb.a(framework.o)
pNxtToRun                                         pre_emptive_os/pre_emptive_os.a(kernel.o)
                                                  pre_emptive_os/pre_emptive_os.a(a7hal_a.o)
pRunProc                                          pre_emptive_os/pre_emptive_os.a(kernel.o)
                                                  pre_emptive_os/pre_emptive_os.a(event.o)
                                                  pre_emptive_os/pre_emptive_os.a(a7hal_a.o)
pca9532                                           eeprom.o
                                                  pca9532.o
pca9532Init                                       pca9532.o
playSnake                                         snake.o
                                                  main.o
processControlBlocks                              pre_emptive_os/pre_emptive_os.a(event.o)
                                                  pre_emptive_os/pre_emptive_os.a(stack_usage.o)
                                                  pre_emptive_os/pre_emptive_os.a(kernel.o)
rand                                              /cygdrive/c/Embedded/GNUARM/bin/../lib/gcc/arm-elf/4.1.1/../../../../arm-elf/lib/interwork/libc.a(rand.o)
                                                  snake.o
rmvFromPrioQueue                                  pre_emptive_os/pre_emptive_os.a(prioqueue.o)
                                                  pre_emptive_os/pre_emptive_os.a(event.o)
                                                  pre_emptive_os/pre_emptive_os.a(kernel.o)
rmvFromRdyList                                    pre_emptive_os/pre_emptive_os.a(kernel.o)
                                                  pre_emptive_os/pre_emptive_os.a(event.o)
rmvFromTimeList                                   pre_emptive_os/pre_emptive_os.a(kernel.o)
                                                  pre_emptive_os/pre_emptive_os.a(event.o)
sampleKey                                         key.o
schedule                                          pre_emptive_os/pre_emptive_os.a(kernel.o)
                                                  pre_emptive_os/pre_emptive_os.a(event.o)
                                                  pre_emptive_os/pre_emptive_os.a(count_sem.o)
selectLCD                                         lcd_hw.o
                                                  lcd.o
sendToLCD                                         lcd_hw.o
                                                  lcd.o
setPca9532Pin                                     pca9532.o
simplePrintf                                      startup/libea_startup_thumb.a(consol.o)
                                                  main.o
snake                                             snake.o
srand                                             /cygdrive/c/Embedded/GNUARM/bin/../lib/gcc/arm-elf/4.1.1/../../../../arm-elf/lib/interwork/libc.a(rand.o)
                                                  snake.o
startHighProc_oshal                               pre_emptive_os/pre_emptive_os.a(a7hal_a.o)
                                                  pre_emptive_os/pre_emptive_os.a(kernel.o)
stkFrameInit_oshal                                pre_emptive_os/pre_emptive_os.a(a7hal.o)
                                                  pre_emptive_os/pre_emptive_os.a(kernel.o)
strlen                                            /cygdrive/c/Embedded/GNUARM/bin/../lib/gcc/arm-elf/4.1.1/../../../../arm-elf/lib/interwork/libc.a(strlen.o)
                                                  startup/libea_startup_thumb.a(consol.o)
strtol                                            /cygdrive/c/Embedded/GNUARM/bin/../lib/gcc/arm-elf/4.1.1/../../../../arm-elf/lib/interwork/libc.a(strtol.o)
                                                  /cygdrive/c/Embedded/GNUARM/bin/../lib/gcc/arm-elf/4.1.1/../../../../arm-elf/lib/interwork/libc.a(atoi.o)
timerIsr_oshal                                    pre_emptive_os/pre_emptive_os.a(a7hal.o)
timerTick                                         pre_emptive_os/pre_emptive_os.a(timer.o)
                                                  pre_emptive_os/pre_emptive_os.a(kernel.o)
